Component: ARM Compiler 5.06 update 4 (build 422) Tool: armlink [4d35d2]

==============================================================================

Section Cross References

    startup_stm32f10x_hd.o(RESET) refers to startup_stm32f10x_hd.o(STACK) for __initial_sp
    startup_stm32f10x_hd.o(RESET) refers to startup_stm32f10x_hd.o(.text) for Reset_Handler
    startup_stm32f10x_hd.o(RESET) refers to stm32f10x_it.o(i.NMI_Handler) for NMI_Handler
    startup_stm32f10x_hd.o(RESET) refers to stm32f10x_it.o(i.HardFault_Handler) for HardFault_Handler
    startup_stm32f10x_hd.o(RESET) refers to stm32f10x_it.o(i.MemManage_Handler) for MemManage_Handler
    startup_stm32f10x_hd.o(RESET) refers to stm32f10x_it.o(i.BusFault_Handler) for BusFault_Handler
    startup_stm32f10x_hd.o(RESET) refers to stm32f10x_it.o(i.UsageFault_Handler) for UsageFault_Handler
    startup_stm32f10x_hd.o(RESET) refers to stm32f10x_it.o(i.SVC_Handler) for SVC_Handler
    startup_stm32f10x_hd.o(RESET) refers to stm32f10x_it.o(i.DebugMon_Handler) for DebugMon_Handler
    startup_stm32f10x_hd.o(RESET) refers to stm32f10x_it.o(i.PendSV_Handler) for PendSV_Handler
    startup_stm32f10x_hd.o(RESET) refers to stm32f10x_it.o(i.SysTick_Handler) for SysTick_Handler
    startup_stm32f10x_hd.o(RESET) refers to systick.o(i.TIM2_IRQHandler) for TIM2_IRQHandler
    startup_stm32f10x_hd.o(.text) refers to system_stm32f10x.o(i.SystemInit) for SystemInit
    startup_stm32f10x_hd.o(.text) refers to entry.o(.ARM.Collect$$$$00000000) for __main
    system_stm32f10x.o(i.SetSysClock) refers to system_stm32f10x.o(i.SetSysClockTo72) for SetSysClockTo72
    system_stm32f10x.o(i.SystemCoreClockUpdate) refers to system_stm32f10x.o(.data) for SystemCoreClock
    system_stm32f10x.o(i.SystemInit) refers to system_stm32f10x.o(i.SetSysClock) for SetSysClock
    stm32f10x_adc.o(i.ADC_DeInit) refers to stm32f10x_rcc.o(i.RCC_APB2PeriphResetCmd) for RCC_APB2PeriphResetCmd
    stm32f10x_bkp.o(i.BKP_DeInit) refers to stm32f10x_rcc.o(i.RCC_BackupResetCmd) for RCC_BackupResetCmd
    stm32f10x_can.o(i.CAN_DeInit) refers to stm32f10x_rcc.o(i.RCC_APB1PeriphResetCmd) for RCC_APB1PeriphResetCmd
    stm32f10x_can.o(i.CAN_GetITStatus) refers to stm32f10x_can.o(i.CheckITStatus) for CheckITStatus
    stm32f10x_cec.o(i.CEC_DeInit) refers to stm32f10x_rcc.o(i.RCC_APB1PeriphResetCmd) for RCC_APB1PeriphResetCmd
    stm32f10x_dac.o(i.DAC_DeInit) refers to stm32f10x_rcc.o(i.RCC_APB1PeriphResetCmd) for RCC_APB1PeriphResetCmd
    stm32f10x_flash.o(i.FLASH_EnableWriteProtection) refers to stm32f10x_flash.o(i.FLASH_WaitForLastOperation) for FLASH_WaitForLastOperation
    stm32f10x_flash.o(i.FLASH_EraseAllBank1Pages) refers to stm32f10x_flash.o(i.FLASH_WaitForLastBank1Operation) for FLASH_WaitForLastBank1Operation
    stm32f10x_flash.o(i.FLASH_EraseAllPages) refers to stm32f10x_flash.o(i.FLASH_WaitForLastOperation) for FLASH_WaitForLastOperation
    stm32f10x_flash.o(i.FLASH_EraseOptionBytes) refers to stm32f10x_flash.o(i.FLASH_GetReadOutProtectionStatus) for FLASH_GetReadOutProtectionStatus
    stm32f10x_flash.o(i.FLASH_EraseOptionBytes) refers to stm32f10x_flash.o(i.FLASH_WaitForLastOperation) for FLASH_WaitForLastOperation
    stm32f10x_flash.o(i.FLASH_ErasePage) refers to stm32f10x_flash.o(i.FLASH_WaitForLastOperation) for FLASH_WaitForLastOperation
    stm32f10x_flash.o(i.FLASH_ProgramHalfWord) refers to stm32f10x_flash.o(i.FLASH_WaitForLastOperation) for FLASH_WaitForLastOperation
    stm32f10x_flash.o(i.FLASH_ProgramOptionByteData) refers to stm32f10x_flash.o(i.FLASH_WaitForLastOperation) for FLASH_WaitForLastOperation
    stm32f10x_flash.o(i.FLASH_ProgramWord) refers to stm32f10x_flash.o(i.FLASH_WaitForLastOperation) for FLASH_WaitForLastOperation
    stm32f10x_flash.o(i.FLASH_ReadOutProtection) refers to stm32f10x_flash.o(i.FLASH_WaitForLastOperation) for FLASH_WaitForLastOperation
    stm32f10x_flash.o(i.FLASH_UserOptionByteConfig) refers to stm32f10x_flash.o(i.FLASH_WaitForLastOperation) for FLASH_WaitForLastOperation
    stm32f10x_flash.o(i.FLASH_WaitForLastBank1Operation) refers to stm32f10x_flash.o(i.FLASH_GetBank1Status) for FLASH_GetBank1Status
    stm32f10x_flash.o(i.FLASH_WaitForLastOperation) refers to stm32f10x_flash.o(i.FLASH_GetBank1Status) for FLASH_GetBank1Status
    stm32f10x_gpio.o(i.GPIO_AFIODeInit) refers to stm32f10x_rcc.o(i.RCC_APB2PeriphResetCmd) for RCC_APB2PeriphResetCmd
    stm32f10x_gpio.o(i.GPIO_DeInit) refers to stm32f10x_rcc.o(i.RCC_APB2PeriphResetCmd) for RCC_APB2PeriphResetCmd
    stm32f10x_i2c.o(i.I2C_DeInit) refers to stm32f10x_rcc.o(i.RCC_APB1PeriphResetCmd) for RCC_APB1PeriphResetCmd
    stm32f10x_i2c.o(i.I2C_Init) refers to stm32f10x_rcc.o(i.RCC_GetClocksFreq) for RCC_GetClocksFreq
    stm32f10x_pwr.o(i.PWR_DeInit) refers to stm32f10x_rcc.o(i.RCC_APB1PeriphResetCmd) for RCC_APB1PeriphResetCmd
    stm32f10x_rcc.o(i.RCC_GetClocksFreq) refers to stm32f10x_rcc.o(.data) for APBAHBPrescTable
[...]
    Removing stm32f10x_tim.o(i.TIM_OC3PolarityConfig), (26 bytes).
    Removing stm32f10x_tim.o(i.TIM_OC4FastConfig), (26 bytes).
    Removing stm32f10x_tim.o(i.TIM_OC4PolarityConfig), (26 bytes).
    Removing stm32f10x_tim.o(i.TIM_OCStructInit), (20 bytes).
    Removing stm32f10x_tim.o(i.TIM_PWMIConfig), (124 bytes).
    Removing stm32f10x_tim.o(i.TIM_PrescalerConfig), (6 bytes).
    Removing stm32f10x_tim.o(i.TIM_SelectCCDMA), (24 bytes).
    Removing stm32f10x_tim.o(i.TIM_SelectCOM), (24 bytes).
    Removing stm32f10x_tim.o(i.TIM_SelectHallSensor), (24 bytes).
    Removing stm32f10x_tim.o(i.TIM_SelectInputTrigger), (18 bytes).
    Removing stm32f10x_tim.o(i.TIM_SelectMasterSlaveMode), (18 bytes).
    Removing stm32f10x_tim.o(i.TIM_SelectOCxM), (82 bytes).
    Removing stm32f10x_tim.o(i.TIM_SelectOnePulseMode), (18 bytes).
    Removing stm32f10x_tim.o(i.TIM_SelectOutputTrigger), (18 bytes).
    Removing stm32f10x_tim.o(i.TIM_SelectSlaveMode), (18 bytes).
    Removing stm32f10x_tim.o(i.TIM_SetAutoreload), (4 bytes).
    Removing stm32f10x_tim.o(i.TIM_SetClockDivision), (18 bytes).
    Removing stm32f10x_tim.o(i.TIM_SetCompare1), (4 bytes).
    Removing stm32f10x_tim.o(i.TIM_SetCompare2), (4 bytes).
    Removing stm32f10x_tim.o(i.TIM_SetCompare3), (4 bytes).
    Removing stm32f10x_tim.o(i.TIM_SetCompare4), (6 bytes).
    Removing stm32f10x_tim.o(i.TIM_SetCounter), (4 bytes).
    Removing stm32f10x_tim.o(i.TIM_SetIC1Prescaler), (18 bytes).
    Removing stm32f10x_tim.o(i.TIM_SetIC2Prescaler), (26 bytes).
    Removing stm32f10x_tim.o(i.TIM_SetIC3Prescaler), (18 bytes).
    Removing stm32f10x_tim.o(i.TIM_SetIC4Prescaler), (26 bytes).
    Removing stm32f10x_tim.o(i.TIM_TIxExternalClockConfig), (62 bytes).
    Removing stm32f10x_tim.o(i.TIM_TimeBaseStructInit), (18 bytes).
    Removing stm32f10x_tim.o(i.TIM_UpdateDisableConfig), (24 bytes).
    Removing stm32f10x_tim.o(i.TIM_UpdateRequestConfig), (24 bytes).
    Removing stm32f10x_usart.o(i.USART_ClearFlag), (18 bytes).
    Removing stm32f10x_usart.o(i.USART_ClearITPendingBit), (30 bytes).
    Removing stm32f10x_usart.o(i.USART_ClockInit), (34 bytes).
    Removing stm32f10x_usart.o(i.USART_ClockStructInit), (12 bytes).
    Removing stm32f10x_usart.o(i.USART_DMACmd), (18 bytes).
    Removing stm32f10x_usart.o(i.USART_DeInit), (156 bytes).
    Removing stm32f10x_usart.o(i.USART_GetITStatus), (84 bytes).
    Removing stm32f10x_usart.o(i.USART_HalfDuplexCmd), (24 bytes).
    Removing stm32f10x_usart.o(i.USART_ITConfig), (74 bytes).
    Removing stm32f10x_usart.o(i.USART_IrDACmd), (24 bytes).
    Removing stm32f10x_usart.o(i.USART_IrDAConfig), (18 bytes).
    Removing stm32f10x_usart.o(i.USART_LINBreakDetectLengthConfig), (18 bytes).
    Removing stm32f10x_usart.o(i.USART_LINCmd), (24 bytes).
    Removing stm32f10x_usart.o(i.USART_OneBitMethodCmd), (24 bytes).
    Removing stm32f10x_usart.o(i.USART_OverSampling8Cmd), (22 bytes).
    Removing stm32f10x_usart.o(i.USART_ReceiveData), (10 bytes).
    Removing stm32f10x_usart.o(i.USART_ReceiverWakeUpCmd), (24 bytes).
    Removing stm32f10x_usart.o(i.USART_SendBreak), (10 bytes).
    Removing stm32f10x_usart.o(i.USART_SetAddress), (18 bytes).
    Removing stm32f10x_usart.o(i.USART_SetGuardTime), (16 bytes).
    Removing stm32f10x_usart.o(i.USART_SetPrescaler), (16 bytes).
    Removing stm32f10x_usart.o(i.USART_SmartCardCmd), (24 bytes).
    Removing stm32f10x_usart.o(i.USART_SmartCardNACKCmd), (24 bytes).
    Removing stm32f10x_usart.o(i.USART_StructInit), (24 bytes).
    Removing stm32f10x_usart.o(i.USART_WakeUpConfig), (18 bytes).
    Removing stm32f10x_wwdg.o(i.WWDG_ClearFlag), (12 bytes).
    Removing stm32f10x_wwdg.o(i.WWDG_DeInit), (22 bytes).
    Removing stm32f10x_wwdg.o(i.WWDG_Enable), (16 bytes).
    Removing stm32f10x_wwdg.o(i.WWDG_EnableIT), (12 bytes).
    Removing stm32f10x_wwdg.o(i.WWDG_GetFlagStatus), (12 bytes).
    Removing stm32f10x_wwdg.o(i.WWDG_SetCounter), (16 bytes).
    Removing stm32f10x_wwdg.o(i.WWDG_SetPrescaler), (24 bytes).
    Removing stm32f10x_wwdg.o(i.WWDG_SetWindowValue), (40 bytes).
    Removing stm32f10x_systick.o(i.SysTick_GetCounter), (8 bytes).
    Removing main.o(.bss), (128 bytes).
    Removing lcd.o(i.Delay), (18 bytes).
    Removing lcd.o(i.LCD_BackLed_Control), (36 bytes).
    Removing lcd.o(i.LCD_Clear), (68 bytes).
    Removing lcd.o(i.LCD_DrawChar), (100 bytes).
    Removing lcd.o(i.LCD_DrawCircle), (2 bytes).
    Removing lcd.o(i.LCD_DrawDot), (2 bytes).
    Removing lcd.o(i.LCD_DrawLine), (156 bytes).
    Removing lcd.o(i.LCD_DrawString), (66 bytes).
    Removing lcd.o(i.LCD_FSMC_Config), (100 bytes).
    Removing lcd.o(i.LCD_GPIO_Config), (228 bytes).
    Removing lcd.o(i.LCD_GetPointPixel), (28 bytes).
    Removing lcd.o(i.LCD_INIT), (46 bytes).
    Removing lcd.o(i.LCD_OpenWindow), (96 bytes).
    Removing lcd.o(i.LCD_REG_Config), (560 bytes).
    Removing lcd.o(i.LCD_Read_PixelData), (54 bytes).
    Removing lcd.o(i.LCD_Rst), (40 bytes).
    Removing lcd.o(.constdata), (1520 bytes).
    Removing i2c_sensors.o(i.i2c_sensors_send_prcessing_data), (188 bytes).
    Removing systick.o(i.delay_us), (64 bytes).
    Removing systick.o(i.get_full_ticks), (32 bytes).
    Removing systick.o(i.get_seconds), (12 bytes).
    Removing uart.o(i.uart_interrupt), (72 bytes).
    Removing uart.o(i.uart_printf_disable), (12 bytes).
    Removing uart.o(i.uart_printf_enable), (12 bytes).
    Removing uart.o(i.uart_rx_byte), (40 bytes).
    Removing uart.o(i.uart_tx), (54 bytes).
    Removing uart.o(i.uart_tx_byte), (44 bytes).
    Removing ahrs.o(i.MadgwickAHRSupdate), (3628 bytes).
    Removing ahrs.o(i.getEangle), (516 bytes).
    Removing servo.o(i.servoStop), (20 bytes).
    Removing servo.o(.data), (1 bytes).
    Removing ffixi.o(.text), (50 bytes).
    Removing lcd.o(i.LCD_Write_Data), (12 bytes).
    Removing lcd.o(i.LCD_Write_Cmd), (8 bytes).
    Removing lcd.o(i.LCD_Read_Data), (12 bytes).

463 unused section(s) (total 24783 bytes) removed from the image.

==============================================================================

Image Symbol Table

    Local Symbols

    Symbol Name                              Value     Ov Type        Size  Object(Section)

    ../clib/microlib/division.c              0x00000000   Number         0  uldiv.o ABSOLUTE
    ../clib/microlib/division.c              0x00000000   Number         0  uidiv.o ABSOLUTE
    ../clib/microlib/errno.c                 0x00000000   Number         0  errno.o ABSOLUTE
    ../clib/microlib/init/entry.s            0x00000000   Number         0  entry8b.o ABSOLUTE
    ../clib/microlib/init/entry.s            0x00000000   Number         0  entry8a.o ABSOLUTE
    ../clib/microlib/init/entry.s            0x00000000   Number         0  entry11b.o ABSOLUTE
    ../clib/microlib/init/entry.s            0x00000000   Number         0  entry9a.o ABSOLUTE
    ../clib/microlib/init/entry.s            0x00000000   Number         0  entry2.o ABSOLUTE
    ../clib/microlib/init/entry.s            0x00000000   Number         0  entry7b.o ABSOLUTE
    ../clib/microlib/init/entry.s            0x00000000   Number         0  entry7a.o ABSOLUTE
    ../clib/microlib/init/entry.s            0x00000000   Number         0  entry11a.o ABSOLUTE
    ../clib/microlib/init/entry.s            0x00000000   Number         0  entry10b.o ABSOLUTE
    ../clib/microlib/init/entry.s            0x00000000   Number         0  entry5.o ABSOLUTE
    ../clib/microlib/init/entry.s            0x00000000   Number         0  entry.o ABSOLUTE
    ../clib/microlib/init/entry.s            0x00000000   Number         0  entry10a.o ABSOLUTE
    ../clib/microlib/init/entry.s            0x00000000   Number         0  entry9b.o ABSOLUTE
    ../clib/microlib/longlong.c              0x00000000   Number         0  llushr.o ABSOLUTE
    ../clib/microlib/longlong.c              0x00000000   Number         0  llsshr.o ABSOLUTE
    ../clib/microlib/longlong.c              0x00000000   Number         0  llshl.o ABSOLUTE
    ../clib/microlib/printf/printf.c         0x00000000   Number         0  printf4.o ABSOLUTE
    ../clib/microlib/printf/printf.c         0x00000000   Number         0  printf3.o ABSOLUTE
    ../clib/microlib/printf/printf.c         0x00000000   Number         0  printf5.o ABSOLUTE
    ../clib/microlib/printf/printf.c         0x00000000   Number         0  printf6.o ABSOLUTE
    ../clib/microlib/printf/printf.c         0x00000000   Number         0  printf7.o ABSOLUTE
    ../clib/microlib/printf/printf.c         0x00000000   Number         0  printf8.o ABSOLUTE
    ../clib/microlib/printf/printf.c         0x00000000   Number         0  printfa.o ABSOLUTE
    ../clib/microlib/printf/printf.c         0x00000000   Number         0  printf1.o ABSOLUTE
    ../clib/microlib/printf/printf.c         0x00000000   Number         0  printf2.o ABSOLUTE
    ../clib/microlib/printf/printf.c         0x00000000   Number         0  printf0.o ABSOLUTE
    ../clib/microlib/printf/printf.c         0x00000000   Number         0  printfb.o ABSOLUTE
    ../clib/microlib/printf/stubs.s          0x00000000   Number         0  stubs.o ABSOLUTE
    ../clib/microlib/stdio/streams.c         0x00000000   Number         0  stdout.o ABSOLUTE
    ../clib/microlib/stubs.s                 0x00000000   Number         0  iusefp.o ABSOLUTE
    ../fplib/microlib/d2f.c                  0x00000000   Number         0  d2f.o ABSOLUTE
    ../fplib/microlib/f2d.c                  0x00000000   Number         0  f2d.o ABSOLUTE
    ../fplib/microlib/fpadd.c                0x00000000   Number         0  fadd.o ABSOLUTE
    ../fplib/microlib/fpadd.c                0x00000000   Number         0  dadd.o ABSOLUTE
    ../fplib/microlib/fpdiv.c                0x00000000   Number         0  fdiv.o ABSOLUTE
    ../fplib/microlib/fpdiv.c                0x00000000   Number         0  ddiv.o ABSOLUTE
    ../fplib/microlib/fpepilogue.c           0x00000000   Number         0  depilogue.o ABSOLUTE
    ../fplib/microlib/fpepilogue.c           0x00000000   Number         0  fepilogue.o ABSOLUTE
    ../fplib/microlib/fpfix.c                0x00000000   Number         0  ffixi.o ABSOLUTE
    ../fplib/microlib/fpfix.c                0x00000000   Number         0  ffixui.o ABSOLUTE
    ../fplib/microlib/fpfix.c                0x00000000   Number         0  dfixul.o ABSOLUTE
    ../fplib/microlib/fpflt.c                0x00000000   Number         0  ffltui.o ABSOLUTE
    ../fplib/microlib/fpflt.c                0x00000000   Number         0  dfltui.o ABSOLUTE
    ../fplib/microlib/fpflt.c                0x00000000   Number         0  fflti.o ABSOLUTE
    ../fplib/microlib/fpmul.c                0x00000000   Number         0  fmul.o ABSOLUTE
    ../fplib/microlib/fpmul.c                0x00000000   Number         0  dmul.o ABSOLUTE
    ../fplib/microlib/fpscalb.c              0x00000000   Number         0  dscalb.o ABSOLUTE
    ../fplib/microlib/fpsqrt.c               0x00000000   Number         0  dsqrt.o ABSOLUTE
    ../mathlib/asin.c                        0x00000000   Number         0  asin_x.o ABSOLUTE
    ../mathlib/asin.c                        0x00000000   Number         0  asin.o ABSOLUTE
    ../mathlib/atan.c                        0x00000000   Number         0  atan.o ABSOLUTE
    ../mathlib/atan.c                        0x00000000   Number         0  atan_x.o ABSOLUTE
    ../mathlib/atan2.c                       0x00000000   Number         0  atan2_x.o ABSOLUTE
    ../mathlib/atan2.c                       0x00000000   Number         0  atan2.o ABSOLUTE
    ../mathlib/dunder.c                      0x00000000   Number         0  dunder.o ABSOLUTE
    ../mathlib/fpclassify.c                  0x00000000   Number         0  fpclassify.o ABSOLUTE
    ../mathlib/poly.c                        0x00000000   Number         0  poly.o ABSOLUTE
    ../mathlib/qnan.c                        0x00000000   Number         0  qnan.o ABSOLUTE
    ../mathlib/sqrt.c                        0x00000000   Number         0  sqrt_x.o ABSOLUTE
    ../mathlib/sqrt.c                        0x00000000   Number         0  sqrt.o ABSOLUTE
    ..\..\Libraries\CMSIS\core_cm3.c         0x00000000   Number         0  core_cm3.o ABSOLUTE
    ..\..\Libraries\CMSIS\startup\startup_stm32f10x_hd.s 0x00000000   Number         0  startup_stm32f10x_hd.o ABSOLUTE
    ..\..\Libraries\CMSIS\system_stm32f10x.c 0x00000000   Number         0  system_stm32f10x.o ABSOLUTE
    ..\..\Libraries\FWlib\src\misc.c         0x00000000   Number         0  misc.o ABSOLUTE
    ..\..\Libraries\FWlib\src\stm32f10x_adc.c 0x00000000   Number         0  stm32f10x_adc.o ABSOLUTE
    ..\..\Libraries\FWlib\src\stm32f10x_bkp.c 0x00000000   Number         0  stm32f10x_bkp.o ABSOLUTE
    ..\..\Libraries\FWlib\src\stm32f10x_can.c 0x00000000   Number         0  stm32f10x_can.o ABSOLUTE
    ..\..\Libraries\FWlib\src\stm32f10x_cec.c 0x00000000   Number         0  stm32f10x_cec.o ABSOLUTE
    ..\..\Libraries\FWlib\src\stm32f10x_crc.c 0x00000000   Number         0  stm32f10x_crc.o ABSOLUTE
    ..\..\Libraries\FWlib\src\stm32f10x_dac.c 0x00000000   Number         0  stm32f10x_dac.o ABSOLUTE
    ..\..\Libraries\FWlib\src\stm32f10x_dbgmcu.c 0x00000000   Number         0  stm32f10x_dbgmcu.o ABSOLUTE
    ..\..\Libraries\FWlib\src\stm32f10x_dma.c 0x00000000   Number         0  stm32f10x_dma.o ABSOLUTE
    ..\..\Libraries\FWlib\src\stm32f10x_exti.c 0x00000000   Number         0  stm32f10x_exti.o ABSOLUTE
    ..\..\Libraries\FWlib\src\stm32f10x_flash.c 0x00000000   Number         0  stm32f10x_flash.o ABSOLUTE
    ..\..\Libraries\FWlib\src\stm32f10x_fsmc.c 0x00000000   Number         0  stm32f10x_fsmc.o ABSOLUTE
    ..\..\Libraries\FWlib\src\stm32f10x_gpio.c 0x00000000   Number         0  stm32f10x_gpio.o ABSOLUTE
    ..\..\Libraries\FWlib\src\stm32f10x_i2c.c 0x00000000   Number         0  stm32f10x_i2c.o ABSOLUTE
    ..\..\Libraries\FWlib\src\stm32f10x_iwdg.c 0x00000000   Number         0  stm32f10x_iwdg.o ABSOLUTE
    ..\..\Libraries\FWlib\src\stm32f10x_pwr.c 0x00000000   Number         0  stm32f10x_pwr.o ABSOLUTE
    ..\..\Libraries\FWlib\src\stm32f10x_rcc.c 0x00000000   Number         0  stm32f10x_rcc.o ABSOLUTE
    ..\..\Libraries\FWlib\src\stm32f10x_rtc.c 0x00000000   Number         0  stm32f10x_rtc.o ABSOLUTE
    ..\..\Libraries\FWlib\src\stm32f10x_sdio.c 0x00000000   Number         0  stm32f10x_sdio.o ABSOLUTE
    ..\..\Libraries\FWlib\src\stm32f10x_spi.c 0x00000000   Number         0  stm32f10x_spi.o ABSOLUTE
    ..\..\Libraries\FWlib\src\stm32f10x_systick.c 0x00000000   Number         0  stm32f10x_systick.o ABSOLUTE
    ..\..\Libraries\FWlib\src\stm32f10x_tim.c 0x00000000   Number         0  stm32f10x_tim.o ABSOLUTE
    ..\..\Libraries\FWlib\src\stm32f10x_usart.c 0x00000000   Number         0  stm32f10x_usart.o ABSOLUTE
    ..\..\Libraries\FWlib\src\stm32f10x_wwdg.c 0x00000000   Number         0  stm32f10x_wwdg.o ABSOLUTE
    ..\..\User\AHRS.c                        0x00000000   Number         0  ahrs.o ABSOLUTE
    ..\..\User\i2c_sensors.c                 0x00000000   Number         0  i2c_sensors.o ABSOLUTE
    ..\..\User\joystick.c                    0x00000000   Number         0  joystick.o ABSOLUTE
    ..\..\User\lcd\lcd.c                     0x00000000   Number         0  lcd.o ABSOLUTE
    ..\..\User\led.c                         0x00000000   Number         0  led.o ABSOLUTE
    ..\..\User\main.c                        0x00000000   Number         0  main.o ABSOLUTE
    ..\..\User\servo.c                       0x00000000   Number         0  servo.o ABSOLUTE
    ..\..\User\stm32f10x_it.c                0x00000000   Number         0  stm32f10x_it.o ABSOLUTE
    ..\..\User\systick.c                     0x00000000   Number         0  systick.o ABSOLUTE
    ..\..\User\uart.c                        0x00000000   Number         0  uart.o ABSOLUTE
    ..\\..\\Libraries\\CMSIS\\core_cm3.c     0x00000000   Number         0  core_cm3.o ABSOLUTE
    cdcmple.s                                0x00000000   Number         0  cdcmple.o ABSOLUTE
    cdrcmple.s                               0x00000000   Number         0  cdrcmple.o ABSOLUTE
    cfcmple.s                                0x00000000   Number         0  cfcmple.o ABSOLUTE
    cfrcmple.s                               0x00000000   Number         0  cfrcmple.o ABSOLUTE
    dc.s                                     0x00000000   Number         0  dc.o ABSOLUTE
    handlers.s                               0x00000000   Number         0  handlers.o ABSOLUTE
    init.s                                   0x00000000   Number         0  init.o ABSOLUTE
    RESET                                    0x08000000   Section      304  startup_stm32f10x_hd.o(RESET)
    .ARM.Collect$$$$00000000                 0x08000130   Section        0  entry.o(.ARM.Collect$$$$00000000)
    .ARM.Collect$$$$00000001                 0x08000130   Section        4  entry2.o(.ARM.Collect$$$$00000001)
    .ARM.Collect$$$$00000004                 0x08000134   Section        4  entry5.o(.ARM.Collect$$$$00000004)
    .ARM.Collect$$$$00000008                 0x08000138   Section        0  entry7b.o(.ARM.Collect$$$$00000008)
    .ARM.Collect$$$$0000000A                 0x08000138   Section        0  entry8b.o(.ARM.Collect$$$$0000000A)
    .ARM.Collect$$$$0000000B                 0x08000138   Section        8  entry9a.o(.ARM.Collect$$$$0000000B)
    .ARM.Collect$$$$0000000D                 0x08000140   Section        0  entry10a.o(.ARM.Collect$$$$0000000D)
    .ARM.Collect$$$$0000000F                 0x08000140   Section        0  entry11a.o(.ARM.Collect$$$$0000000F)
    .ARM.Collect$$$$00002712                 0x08000140   Section        4  entry2.o(.ARM.Collect$$$$00002712)
    __lit__00000000                          0x08000140   Data           4  entry2.o(.ARM.Collect$$$$00002712)
    .text                                    0x08000144   Section       36  startup_stm32f10x_hd.o(.text)
    .text                                    0x08000168   Section        0  fadd.o(.text)
    .text                                    0x08000218   Section        0  fmul.o(.text)
    .text                                    0x0800027c   Section        0  fdiv.o(.text)
    .text                                    0x080002f8   Section        0  dadd.o(.text)
    .text                                    0x08000446   Section        0  dmul.o(.text)
    .text                                    0x0800052a   Section        0  ddiv.o(.text)
    .text                                    0x08000608   Section        0  fflti.o(.text)
    .text                                    0x0800061a   Section        0  ffltui.o(.text)
    .text                                    0x08000624   Section        0  dfltui.o(.text)
    .text                                    0x0800063e   Section        0  ffixui.o(.text)
    .text                                    0x08000666   Section        0  f2d.o(.text)
    .text                                    0x0800068c   Section       48  cdcmple.o(.text)
    .text                                    0x080006bc   Section       48  cdrcmple.o(.text)
    .text                                    0x080006ec   Section        0  d2f.o(.text)
    .text                                    0x08000724   Section       20  cfcmple.o(.text)
    .text                                    0x08000738   Section       20  cfrcmple.o(.text)
    .text                                    0x0800074c   Section        0  uidiv.o(.text)
    .text                                    0x08000778   Section        0  uldiv.o(.text)
    .text                                    0x080007da   Section        0  llshl.o(.text)
    .text                                    0x080007f8   Section        0  llsshr.o(.text)
    .text                                    0x0800081c   Section        0  fepilogue.o(.text)
    .text                                    0x0800081c   Section        0  iusefp.o(.text)
    .text                                    0x0800088a   Section        0  depilogue.o(.text)
    .text                                    0x08000944   Section        0  dscalb.o(.text)
    .text                                    0x08000972   Section        0  dsqrt.o(.text)
    .text                                    0x08000a14   Section        0  dfixul.o(.text)
    .text                                    0x08000a44   Section       36  init.o(.text)
    .text                                    0x08000a68   Section        0  llushr.o(.text)
    i.ADC_Cmd                                0x08000a88   Section        0  stm32f10x_adc.o(i.ADC_Cmd)
    i.ADC_DMACmd                             0x08000a9e   Section        0  stm32f10x_adc.o(i.ADC_DMACmd)
    i.ADC_GetCalibrationStatus               0x08000ab4   Section        0  stm32f10x_adc.o(i.ADC_GetCalibrationStatus)
    i.ADC_GetResetCalibrationStatus          0x08000ac8   Section        0  stm32f10x_adc.o(i.ADC_GetResetCalibrationStatus)
    i.ADC_Init                               0x08000adc   Section        0  stm32f10x_adc.o(i.ADC_Init)
    i.ADC_RegularChannelConfig               0x08000b2c   Section        0  stm32f10x_adc.o(i.ADC_RegularChannelConfig)
    i.ADC_ResetCalibration                   0x08000be4   Section        0  stm32f10x_adc.o(i.ADC_ResetCalibration)
    i.ADC_SoftwareStartConvCmd               0x08000bee   Section        0  stm32f10x_adc.o(i.ADC_SoftwareStartConvCmd)
    i.ADC_StartCalibration                   0x08000c04   Section        0  stm32f10x_adc.o(i.ADC_StartCalibration)
    i.BusFault_Handler                       0x08000c0e   Section        0  stm32f10x_it.o(i.BusFault_Handler)
    i.DELAY_Configuration                    0x08000c14   Section        0  systick.o(i.DELAY_Configuration)
    i.DMA_Cmd                                0x08000c64   Section        0  stm32f10x_dma.o(i.DMA_Cmd)
    i.DMA_DeInit                             0x08000c7c   Section        0  stm32f10x_dma.o(i.DMA_DeInit)
    i.DMA_ITConfig                           0x08000dc8   Section        0  stm32f10x_dma.o(i.DMA_ITConfig)
    i.DMA_Init                               0x08000dda   Section        0  stm32f10x_dma.o(i.DMA_Init)
    i.DMA_init                               0x08000e18   Section        0  joystick.o(i.DMA_init)
    i.DebugMon_Handler                       0x08000e88   Section        0  stm32f10x_it.o(i.DebugMon_Handler)
    i.GPIO_Init                              0x08000e8a   Section        0  stm32f10x_gpio.o(i.GPIO_Init)
    i.GPIO_ReadInputDataBit                  0x08000fa0   Section        0  stm32f10x_gpio.o(i.GPIO_ReadInputDataBit)
    i.HardFault_Handler                      0x08000fb2   Section        0  stm32f10x_it.o(i.HardFault_Handler)
    i.I2C_AcknowledgeConfig                  0x08000fb6   Section        0  stm32f10x_i2c.o(i.I2C_AcknowledgeConfig)
    i.I2C_CheckEvent                         0x08000fce   Section        0  stm32f10x_i2c.o(i.I2C_CheckEvent)
    i.I2C_Cmd                                0x08000ff8   Section        0  stm32f10x_i2c.o(i.I2C_Cmd)
    i.I2C_Configuration                      0x08001010   Section        0  i2c_sensors.o(i.I2C_Configuration)
    i.I2C_GenerateSTART                      0x08001088   Section        0  stm32f10x_i2c.o(i.I2C_GenerateSTART)
    i.I2C_GenerateSTOP                       0x080010a0   Section        0  stm32f10x_i2c.o(i.I2C_GenerateSTOP)
    i.I2C_GetFlagStatus                      0x080010b8   Section        0  stm32f10x_i2c.o(i.I2C_GetFlagStatus)
    i.I2C_Init                               0x080010f4   Section        0  stm32f10x_i2c.o(i.I2C_Init)
    i.I2C_ReceiveData                        0x080011e0   Section        0  stm32f10x_i2c.o(i.I2C_ReceiveData)
    i.I2C_Send7bitAddress                    0x080011e8   Section        0  stm32f10x_i2c.o(i.I2C_Send7bitAddress)
    i.I2C_SendData                           0x080011fa   Section        0  stm32f10x_i2c.o(i.I2C_SendData)
    i.LED_CONFIG                             0x08001200   Section        0  led.o(i.LED_CONFIG)
    i.LED_off                                0x0800123c   Section        0  led.o(i.LED_off)
    i.LED_on                                 0x08001248   Section        0  led.o(i.LED_on)
    i.MadgwickAHRSupdateIMU                  0x08001254   Section        0  ahrs.o(i.MadgwickAHRSupdateIMU)
    i.MemManage_Handler                      0x08001800   Section        0  stm32f10x_it.o(i.MemManage_Handler)
    i.NMI_Handler                            0x08001804   Section        0  stm32f10x_it.o(i.NMI_Handler)
    i.NVIC_Init                              0x08001808   Section        0  misc.o(i.NVIC_Init)
    i.PendSV_Handler                         0x08001878   Section        0  stm32f10x_it.o(i.PendSV_Handler)
    i.RCC_ADCCLKConfig                       0x0800187c   Section        0  stm32f10x_rcc.o(i.RCC_ADCCLKConfig)
    i.RCC_AHBPeriphClockCmd                  0x08001894   Section        0  stm32f10x_rcc.o(i.RCC_AHBPeriphClockCmd)
    i.RCC_APB1PeriphClockCmd                 0x080018b4   Section        0  stm32f10x_rcc.o(i.RCC_APB1PeriphClockCmd)
    i.RCC_APB2PeriphClockCmd                 0x080018d4   Section        0  stm32f10x_rcc.o(i.RCC_APB2PeriphClockCmd)
    i.RCC_GetClocksFreq                      0x080018f4   Section        0  stm32f10x_rcc.o(i.RCC_GetClocksFreq)
    i.RCC_HCLKConfig                         0x080019c8   Section        0  stm32f10x_rcc.o(i.RCC_HCLKConfig)
    i.SVC_Handler                            0x080019e0   Section        0  stm32f10x_it.o(i.SVC_Handler)
    i.SetSysClock                            0x080019e2   Section        0  system_stm32f10x.o(i.SetSysClock)
    SetSysClock                              0x080019e3   Thumb Code     8  system_stm32f10x.o(i.SetSysClock)
    i.SetSysClockTo72                        0x080019ec   Section        0  system_stm32f10x.o(i.SetSysClockTo72)
    SetSysClockTo72                          0x080019ed   Thumb Code   214  system_stm32f10x.o(i.SetSysClockTo72)
    i.SysTick_CLKSourceConfig                0x08001acc   Section        0  misc.o(i.SysTick_CLKSourceConfig)
    i.SysTick_CounterCmd                     0x08001af4   Section        0  stm32f10x_systick.o(i.SysTick_CounterCmd)
    i.SysTick_GetFlagStatus                  0x08001b2a   Section        0  stm32f10x_systick.o(i.SysTick_GetFlagStatus)
    i.SysTick_Handler                        0x08001b58   Section        0  stm32f10x_it.o(i.SysTick_Handler)
    i.SysTick_ITConfig                       0x08001b5a   Section        0  stm32f10x_systick.o(i.SysTick_ITConfig)
    i.SysTick_SetReload                      0x08001b80   Section        0  stm32f10x_systick.o(i.SysTick_SetReload)
    i.SystemInit                             0x08001b88   Section        0  system_stm32f10x.o(i.SystemInit)
    i.TIM2_IRQHandler                        0x08001be8   Section        0  systick.o(i.TIM2_IRQHandler)
    i.TIM_ClearFlag                          0x08001c30   Section        0  stm32f10x_tim.o(i.TIM_ClearFlag)
    i.TIM_ClearITPendingBit                  0x08001c36   Section        0  stm32f10x_tim.o(i.TIM_ClearITPendingBit)
    i.TIM_Cmd                                0x08001c3c   Section        0  stm32f10x_tim.o(i.TIM_Cmd)
    i.TIM_GetITStatus                        0x08001c54   Section        0  stm32f10x_tim.o(i.TIM_GetITStatus)
    i.TIM_ITConfig                           0x08001c76   Section        0  stm32f10x_tim.o(i.TIM_ITConfig)
    i.TIM_OC2Init                            0x08001c88   Section        0  stm32f10x_tim.o(i.TIM_OC2Init)
    i.TIM_OC2PreloadConfig                   0x08001d2c   Section        0  stm32f10x_tim.o(i.TIM_OC2PreloadConfig)
    i.TIM_OC3Init                            0x08001d48   Section        0  stm32f10x_tim.o(i.TIM_OC3Init)
    i.TIM_OC3PreloadConfig                   0x08001de8   Section        0  stm32f10x_tim.o(i.TIM_OC3PreloadConfig)
    i.TIM_OC4Init                            0x08001dfc   Section        0  stm32f10x_tim.o(i.TIM_OC4Init)
    i.TIM_OC4PreloadConfig                   0x08001e78   Section        0  stm32f10x_tim.o(i.TIM_OC4PreloadConfig)
    i.TIM_TimeBaseInit                       0x08001e94   Section        0  stm32f10x_tim.o(i.TIM_TimeBaseInit)
    i.USART_Cmd                              0x08001f38   Section        0  stm32f10x_usart.o(i.USART_Cmd)
    i.USART_GetFlagStatus                    0x08001f50   Section        0  stm32f10x_usart.o(i.USART_GetFlagStatus)
    i.USART_Init                             0x08001f6c   Section        0  stm32f10x_usart.o(i.USART_Init)
    i.USART_SendData                         0x08002044   Section        0  stm32f10x_usart.o(i.USART_SendData)
    i.UsageFault_Handler                     0x0800204c   Section        0  stm32f10x_it.o(i.UsageFault_Handler)
    i.__0printf                              0x08002050   Section        0  printfa.o(i.__0printf)
    i.__ARM_fpclassify                       0x08002070   Section        0  fpclassify.o(i.__ARM_fpclassify)
    i.__kernel_poly                          0x08002098   Section        0  poly.o(i.__kernel_poly)
    i.__mathlib_dbl_infnan                   0x08002142   Section        0  dunder.o(i.__mathlib_dbl_infnan)
    i.__mathlib_dbl_infnan2                  0x08002148   Section        0  dunder.o(i.__mathlib_dbl_infnan2)
    i.__mathlib_dbl_underflow                0x0800214c   Section        0  dunder.o(i.__mathlib_dbl_underflow)
    i.__scatterload_copy                     0x0800215c   Section       14  handlers.o(i.__scatterload_copy)
    i.__scatterload_null                     0x0800216a   Section        2  handlers.o(i.__scatterload_null)
    i.__scatterload_zeroinit                 0x0800216c   Section       14  handlers.o(i.__scatterload_zeroinit)
    i.__set_errno                            0x0800217c   Section        0  errno.o(i.__set_errno)
    i._fp_digits                             0x08002188   Section        0  printfa.o(i._fp_digits)
    _fp_digits                               0x08002189   Thumb Code   366  printfa.o(i._fp_digits)
    i._printf_core                           0x0800230c   Section        0  printfa.o(i._printf_core)
    _printf_core                             0x0800230d   Thumb Code  1744  printfa.o(i._printf_core)
    i._printf_post_padding                   0x080029e8   Section        0  printfa.o(i._printf_post_padding)
    _printf_post_padding                     0x080029e9   Thumb Code    36  printfa.o(i._printf_post_padding)
    i._printf_pre_padding                    0x08002a0c   Section        0  printfa.o(i._printf_pre_padding)
    _printf_pre_padding                      0x08002a0d   Thumb Code    46  printfa.o(i._printf_pre_padding)
    i.atan                                   0x08002a3c   Section        0  atan.o(i.atan)
    i.atan2                                  0x08002c5c   Section        0  atan2.o(i.atan2)
    i.buttonInit                             0x08002ddc   Section        0  joystick.o(i.buttonInit)
    i.delay_ms                               0x08002e24   Section        0  systick.o(i.delay_ms)
    i.fputc                                  0x08002e70   Section        0  uart.o(i.fputc)
    i.getJoystick                            0x08002ebc   Section        0  joystick.o(i.getJoystick)
    i.getRollPitchYaw                        0x08002f44   Section        0  ahrs.o(i.getRollPitchYaw)
    i.get_acc_value                          0x080031f0   Section        0  i2c_sensors.o(i.get_acc_value)
    i.get_gyro_rate                          0x0800325c   Section        0  i2c_sensors.o(i.get_gyro_rate)
    i.get_ticks                              0x080032cc   Section        0  systick.o(i.get_ticks)
    i.invSqrt                                0x080032d8   Section        0  ahrs.o(i.invSqrt)
    i.joystickInit                           0x08003324   Section        0  joystick.o(i.joystickInit)
    i.main                                   0x08003400   Section        0  main.o(i.main)
    i.mpu6050_get_value                      0x080038b0   Section        0  i2c_sensors.o(i.mpu6050_get_value)
    i.mpu6050_read_block                     0x08003990   Section        0  i2c_sensors.o(i.mpu6050_read_block)
    i.mpu6050_write_block                    0x08003a90   Section        0  i2c_sensors.o(i.mpu6050_write_block)
    i.mpu_6050_init                          0x08003b34   Section        0  i2c_sensors.o(i.mpu_6050_init)
    i.servoInit                              0x08003bc0   Section        0  servo.o(i.servoInit)
    i.servoMove                              0x08003c90   Section        0  servo.o(i.servoMove)
    i.sqrt                                   0x08003cf0   Section        0  sqrt.o(i.sqrt)
    i.ticks_init                             0x08003d3c   Section        0  systick.o(i.ticks_init)
    i.uart_init                              0x08003dbc   Section        0  uart.o(i.uart_init)
    .constdata                               0x08003e8c   Section       90  uart.o(.constdata)
    .constdata                               0x08003ee6   Section       18  servo.o(.constdata)
    .constdata                               0x08003ef8   Section      152  atan.o(.constdata)
    atanhi                                   0x08003ef8   Data          32  atan.o(.constdata)
    atanlo                                   0x08003f18   Data          32  atan.o(.constdata)
    aTodd                                    0x08003f38   Data          40  atan.o(.constdata)
    aTeven                                   0x08003f60   Data          48  atan.o(.constdata)
    .constdata                               0x08003f90   Section        8  qnan.o(.constdata)
    .data                                    0x20000000   Section       20  system_stm32f10x.o(.data)
    .data                                    0x20000014   Section       20  stm32f10x_rcc.o(.data)
    APBAHBPrescTable                         0x20000014   Data          16  stm32f10x_rcc.o(.data)
    ADCPrescTable                            0x20000024   Data           4  stm32f10x_rcc.o(.data)
    .data                                    0x20000028   Section        2  main.o(.data)
    .data                                    0x2000002c   Section       12  joystick.o(.data)
    .data                                    0x20000038   Section      128  i2c_sensors.o(.data)
    .data                                    0x200000b8   Section       10  systick.o(.data)
    delay_fac_us                             0x200000b8   Data           1  systick.o(.data)
    delay_fac_ms                             0x200000ba   Data           2  systick.o(.data)
    Status                                   0x200000bc   Data           1  systick.o(.data)
    .data                                    0x200000c4   Section       61  uart.o(.data)
    .data                                    0x20000104   Section       20  ahrs.o(.data)
    .data                                    0x20000118   Section        4  stdout.o(.data)
    .data                                    0x2000011c   Section        4  errno.o(.data)
    _errno                                   0x2000011c   Data           4  errno.o(.data)
    .bss                                     0x20000120   Section       40  i2c_sensors.o(.bss)
    .bss                                     0x20000148   Section       24  ahrs.o(.bss)
    STACK                                    0x20000160   Section     1024  startup_stm32f10x_hd.o(STACK)

    Global Symbols

    Symbol Name                              Value     Ov Type        Size  Object(Section)

    BuildAttributes$$THM_ISAv4$P$D$K$B$S$PE$A:L22UL41UL21$X:L11$S22US41US21$IEEE1$IW$USESV6$~STKCKD$USESV7$~SHL$OTIME$ROPI$IEEEX$EBA8$MICROLIB$REQ8$PRES8$EABIv2 0x00000000   Number         0  anon$$obj.o ABSOLUTE
    __ARM_use_no_argv                        0x00000000   Number         0  main.o ABSOLUTE
    _printf_a                                0x00000000   Number         0  stubs.o ABSOLUTE
    _printf_c                                0x00000000   Number         0  stubs.o ABSOLUTE
    _printf_charcount                        0x00000000   Number         0  stubs.o ABSOLUTE
    _printf_d                                0x00000000   Number         0  stubs.o ABSOLUTE
    _printf_e                                0x00000000   Number         0  stubs.o ABSOLUTE
    _printf_f                                0x00000000   Number         0  stubs.o ABSOLUTE
    _printf_flags                            0x00000000   Number         0  stubs.o ABSOLUTE
    _printf_fp_dec                           0x00000000   Number         0  stubs.o ABSOLUTE
    _printf_fp_hex                           0x00000000   Number         0  stubs.o ABSOLUTE
    _printf_g                                0x00000000   Number         0  stubs.o ABSOLUTE
    _printf_i                                0x00000000   Number         0  stubs.o ABSOLUTE
    _printf_int_dec                          0x00000000   Number         0  stubs.o ABSOLUTE
    _printf_l                                0x00000000   Number         0  stubs.o ABSOLUTE
    _printf_lc                               0x00000000   Number         0  stubs.o ABSOLUTE
    _printf_ll                               0x00000000   Number         0  stubs.o ABSOLUTE
    _printf_lld                              0x00000000   Number         0  stubs.o ABSOLUTE
    _printf_lli                              0x00000000   Number         0  stubs.o ABSOLUTE
    _printf_llo                              0x00000000   Number         0  stubs.o ABSOLUTE
    _printf_llu                              0x00000000   Number         0  stubs.o ABSOLUTE
    _printf_llx                              0x00000000   Number         0  stubs.o ABSOLUTE
    _printf_longlong_dec                     0x00000000   Number         0  stubs.o ABSOLUTE
    _printf_longlong_hex                     0x00000000   Number         0  stubs.o ABSOLUTE
    _printf_longlong_oct                     0x00000000   Number         0  stubs.o ABSOLUTE
    _printf_ls                               0x00000000   Number         0  stubs.o ABSOLUTE
    _printf_mbtowc                           0x00000000   Number         0  stubs.o ABSOLUTE
    _printf_n                                0x00000000   Number         0  stubs.o ABSOLUTE
    _printf_o                                0x00000000   Number         0  stubs.o ABSOLUTE
    _printf_p                                0x00000000   Number         0  stubs.o ABSOLUTE
    _printf_percent                          0x00000000   Number         0  stubs.o ABSOLUTE
    _printf_pre_padding                      0x00000000   Number         0  stubs.o ABSOLUTE
    _printf_return_value                     0x00000000   Number         0  stubs.o ABSOLUTE
    _printf_s                                0x00000000   Number         0  stubs.o ABSOLUTE
    _printf_sizespec                         0x00000000   Number         0  stubs.o ABSOLUTE
    _printf_str                              0x00000000   Number         0  stubs.o ABSOLUTE
    _printf_truncate_signed                  0x00000000   Number         0  stubs.o ABSOLUTE
    _printf_truncate_unsigned                0x00000000   Number         0  stubs.o ABSOLUTE
    _printf_u                                0x00000000   Number         0  stubs.o ABSOLUTE
    _printf_wc                               0x00000000   Number         0  stubs.o ABSOLUTE
    _printf_wctomb                           0x00000000   Number         0  stubs.o ABSOLUTE
    _printf_widthprec                        0x00000000   Number         0  stubs.o ABSOLUTE
    _printf_x                                0x00000000   Number         0  stubs.o ABSOLUTE
    __cpp_initialize__aeabi_                  - Undefined Weak Reference
    __cxa_finalize                            - Undefined Weak Reference
    __decompress                              - Undefined Weak Reference
    _clock_init                               - Undefined Weak Reference
    _microlib_exit                            - Undefined Weak Reference
    __Vectors_Size                           0x00000130   Number         0  startup_stm32f10x_hd.o ABSOLUTE
    __Vectors                                0x08000000   Data           4  startup_stm32f10x_hd.o(RESET)
    __Vectors_End                            0x08000130   Data           0  startup_stm32f10x_hd.o(RESET)
    __main                                   0x08000131   Thumb Code     0  entry.o(.ARM.Collect$$$$00000000)
    _main_stk                                0x08000131   Thumb Code     0  entry2.o(.ARM.Collect$$$$00000001)
    _main_scatterload                        0x08000135   Thumb Code     0  entry5.o(.ARM.Collect$$$$00000004)
    __main_after_scatterload                 0x08000139   Thumb Code     0  entry5.o(.ARM.Collect$$$$00000004)
    _main_clock                              0x08000139   Thumb Code     0  entry7b.o(.ARM.Collect$$$$00000008)
    _main_cpp_init                           0x08000139   Thumb Code     0  entry8b.o(.ARM.Collect$$$$0000000A)
    _main_init                               0x08000139   Thumb Code     0  entry9a.o(.ARM.Collect$$$$0000000B)
    __rt_final_cpp                           0x08000141   Thumb Code     0  entry10a.o(.ARM.Collect$$$$0000000D)
    __rt_final_exit                          0x08000141   Thumb Code     0  entry11a.o(.ARM.Collect$$$$0000000F)
    Reset_Handler                            0x08000145   Thumb Code     8  startup_stm32f10x_hd.o(.text)
    ADC1_2_IRQHandler                        0x0800015f   Thumb Code     0  startup_stm32f10x_hd.o(.text)
    ADC3_IRQHandler                          0x0800015f   Thumb Code     0  startup_stm32f10x_hd.o(.text)
    CAN1_RX1_IRQHandler                      0x0800015f   Thumb Code     0  startup_stm32f10x_hd.o(.text)
    CAN1_SCE_IRQHandler                      0x0800015f   Thumb Code     0  startup_stm32f10x_hd.o(.text)
    DMA1_Channel1_IRQHandler                 0x0800015f   Thumb Code     0  startup_stm32f10x_hd.o(.text)
    DMA1_Channel2_IRQHandler                 0x0800015f   Thumb Code     0  startup_stm32f10x_hd.o(.text)
    DMA1_Channel3_IRQHandler                 0x0800015f   Thumb Code     0  startup_stm32f10x_hd.o(.text)
    DMA1_Channel4_IRQHandler                 0x0800015f   Thumb Code     0  startup_stm32f10x_hd.o(.text)
    DMA1_Channel5_IRQHandler                 0x0800015f   Thumb Code     0  startup_stm32f10x_hd.o(.text)
    DMA1_Channel6_IRQHandler                 0x0800015f   Thumb Code     0  startup_stm32f10x_hd.o(.text)
    DMA1_Channel7_IRQHandler                 0x0800015f   Thumb Code     0  startup_stm32f10x_hd.o(.text)
    DMA2_Channel1_IRQHandler                 0x0800015f   Thumb Code     0  startup_stm32f10x_hd.o(.text)
    DMA2_Channel2_IRQHandler                 0x0800015f   Thumb Code     0  startup_stm32f10x_hd.o(.text)
    DMA2_Channel3_IRQHandler                 0x0800015f   Thumb Code     0  startup_stm32f10x_hd.o(.text)
    DMA2_Channel4_5_IRQHandler               0x0800015f   Thumb Code     0  startup_stm32f10x_hd.o(.text)
    EXTI0_IRQHandler                         0x0800015f   Thumb Code     0  startup_stm32f10x_hd.o(.text)
    EXTI15_10_IRQHandler                     0x0800015f   Thumb Code     0  startup_stm32f10x_hd.o(.text)
    EXTI1_IRQHandler                         0x0800015f   Thumb Code     0  startup_stm32f10x_hd.o(.text)
    EXTI2_IRQHandler                         0x0800015f   Thumb Code     0  startup_stm32f10x_hd.o(.text)
    EXTI3_IRQHandler                         0x0800015f   Thumb Code     0  startup_stm32f10x_hd.o(.text)
    EXTI4_IRQHandler                         0x0800015f   Thumb Code     0  startup_stm32f10x_hd.o(.text)
    EXTI9_5_IRQHandler                       0x0800015f   Thumb Code     0  startup_stm32f10x_hd.o(.text)
    FLASH_IRQHandler                         0x0800015f   Thumb Code     0  startup_stm32f10x_hd.o(.text)
    FSMC_IRQHandler                          0x0800015f   Thumb Code     0  startup_stm32f10x_hd.o(.text)
    I2C1_ER_IRQHandler                       0x0800015f   Thumb Code     0  startup_stm32f10x_hd.o(.text)
    I2C1_EV_IRQHandler                       0x0800015f   Thumb Code     0  startup_stm32f10x_hd.o(.text)
    I2C2_ER_IRQHandler                       0x0800015f   Thumb Code     0  startup_stm32f10x_hd.o(.text)
    I2C2_EV_IRQHandler                       0x0800015f   Thumb Code     0  startup_stm32f10x_hd.o(.text)
    PVD_IRQHandler                           0x0800015f   Thumb Code     0  startup_stm32f10x_hd.o(.text)
    RCC_IRQHandler                           0x0800015f   Thumb Code     0  startup_stm32f10x_hd.o(.text)
    RTCAlarm_IRQHandler                      0x0800015f   Thumb Code     0  startup_stm32f10x_hd.o(.text)
    RTC_IRQHandler                           0x0800015f   Thumb Code     0  startup_stm32f10x_hd.o(.text)
    SDIO_IRQHandler                          0x0800015f   Thumb Code     0  startup_stm32f10x_hd.o(.text)
    SPI1_IRQHandler                          0x0800015f   Thumb Code     0  startup_stm32f10x_hd.o(.text)
    SPI2_IRQHandler                          0x0800015f   Thumb Code     0  startup_stm32f10x_hd.o(.text)
    SPI3_IRQHandler                          0x0800015f   Thumb Code     0  startup_stm32f10x_hd.o(.text)
    TAMPER_IRQHandler                        0x0800015f   Thumb Code     0  startup_stm32f10x_hd.o(.text)
    TIM1_BRK_IRQHandler                      0x0800015f   Thumb Code     0  startup_stm32f10x_hd.o(.text)
    TIM1_CC_IRQHandler                       0x0800015f   Thumb Code     0  startup_stm32f10x_hd.o(.text)
    TIM1_TRG_COM_IRQHandler                  0x0800015f   Thumb Code     0  startup_stm32f10x_hd.o(.text)
    TIM1_UP_IRQHandler                       0x0800015f   Thumb Code     0  startup_stm32f10x_hd.o(.text)
    TIM3_IRQHandler                          0x0800015f   Thumb Code     0  startup_stm32f10x_hd.o(.text)
    TIM4_IRQHandler                          0x0800015f   Thumb Code     0  startup_stm32f10x_hd.o(.text)
    TIM5_IRQHandler                          0x0800015f   Thumb Code     0  startup_stm32f10x_hd.o(.text)
    TIM6_IRQHandler                          0x0800015f   Thumb Code     0  startup_stm32f10x_hd.o(.text)
    TIM7_IRQHandler                          0x0800015f   Thumb Code     0  startup_stm32f10x_hd.o(.text)
    TIM8_BRK_IRQHandler                      0x0800015f   Thumb Code     0  startup_stm32f10x_hd.o(.text)
    TIM8_CC_IRQHandler                       0x0800015f   Thumb Code     0  startup_stm32f10x_hd.o(.text)
    TIM8_TRG_COM_IRQHandler                  0x0800015f   Thumb Code     0  startup_stm32f10x_hd.o(.text)
    TIM8_UP_IRQHandler                       0x0800015f   Thumb Code     0  startup_stm32f10x_hd.o(.text)
    UART4_IRQHandler                         0x0800015f   Thumb Code     0  startup_stm32f10x_hd.o(.text)
    UART5_IRQHandler                         0x0800015f   Thumb Code     0  startup_stm32f10x_hd.o(.text)
    USART1_IRQHandler                        0x0800015f   Thumb Code     0  startup_stm32f10x_hd.o(.text)
    USART2_IRQHandler                        0x0800015f   Thumb Code     0  startup_stm32f10x_hd.o(.text)
    USART3_IRQHandler                        0x0800015f   Thumb Code     0  startup_stm32f10x_hd.o(.text)
    USBWakeUp_IRQHandler                     0x0800015f   Thumb Code     0  startup_stm32f10x_hd.o(.text)
    USB_HP_CAN1_TX_IRQHandler                0x0800015f   Thumb Code     0  startup_stm32f10x_hd.o(.text)
    USB_LP_CAN1_RX0_IRQHandler               0x0800015f   Thumb Code     0  startup_stm32f10x_hd.o(.text)
    WWDG_IRQHandler                          0x0800015f   Thumb Code     0  startup_stm32f10x_hd.o(.text)
    __aeabi_fadd                             0x08000169   Thumb Code   164  fadd.o(.text)
    __aeabi_fsub                             0x0800020d   Thumb Code     6  fadd.o(.text)
    __aeabi_frsub                            0x08000213   Thumb Code     6  fadd.o(.text)
    __aeabi_fmul                             0x08000219   Thumb Code   100  fmul.o(.text)
    __aeabi_fdiv                             0x0800027d   Thumb Code   124  fdiv.o(.text)
    __aeabi_dadd                             0x080002f9   Thumb Code   322  dadd.o(.text)
    __aeabi_dsub                             0x0800043b   Thumb Code     6  dadd.o(.text)
    __aeabi_drsub                            0x08000441   Thumb Code     6  dadd.o(.text)
    __aeabi_dmul                             0x08000447   Thumb Code   228  dmul.o(.text)
    __aeabi_ddiv                             0x0800052b   Thumb Code   222  ddiv.o(.text)
    __aeabi_i2f                              0x08000609   Thumb Code    18  fflti.o(.text)
    __aeabi_ui2f                             0x0800061b   Thumb Code    10  ffltui.o(.text)
    __aeabi_ui2d                             0x08000625   Thumb Code    26  dfltui.o(.text)
    __aeabi_f2uiz                            0x0800063f   Thumb Code    40  ffixui.o(.text)
    __aeabi_f2d                              0x08000667   Thumb Code    38  f2d.o(.text)
    __aeabi_cdcmpeq                          0x0800068d   Thumb Code     0  cdcmple.o(.text)
    __aeabi_cdcmple                          0x0800068d   Thumb Code    48  cdcmple.o(.text)
    __aeabi_cdrcmple                         0x080006bd   Thumb Code    48  cdrcmple.o(.text)
    __aeabi_d2f                              0x080006ed   Thumb Code    56  d2f.o(.text)
    __aeabi_cfcmpeq                          0x08000725   Thumb Code     0  cfcmple.o(.text)
    __aeabi_cfcmple                          0x08000725   Thumb Code    20  cfcmple.o(.text)
    __aeabi_cfrcmple                         0x08000739   Thumb Code    20  cfrcmple.o(.text)
    __aeabi_uidiv                            0x0800074d   Thumb Code     0  uidiv.o(.text)
    __aeabi_uidivmod                         0x0800074d   Thumb Code    44  uidiv.o(.text)
    __aeabi_uldivmod                         0x08000779   Thumb Code    98  uldiv.o(.text)
    __aeabi_llsl                             0x080007db   Thumb Code    30  llshl.o(.text)
    _ll_shift_l                              0x080007db   Thumb Code     0  llshl.o(.text)
    __aeabi_lasr                             0x080007f9   Thumb Code    36  llsshr.o(.text)
    _ll_sshift_r                             0x080007f9   Thumb Code     0  llsshr.o(.text)
    __I$use$fp                               0x0800081d   Thumb Code     0  iusefp.o(.text)
    _float_round                             0x0800081d   Thumb Code    18  fepilogue.o(.text)
    _float_epilogue                          0x0800082f   Thumb Code    92  fepilogue.o(.text)
    _double_round                            0x0800088b   Thumb Code    30  depilogue.o(.text)
    _double_epilogue                         0x080008a9   Thumb Code   156  depilogue.o(.text)
    __ARM_scalbn                             0x08000945   Thumb Code    46  dscalb.o(.text)
    scalbn                                   0x08000945   Thumb Code     0  dscalb.o(.text)
    _dsqrt                                   0x08000973   Thumb Code   162  dsqrt.o(.text)
    __aeabi_d2ulz                            0x08000a15   Thumb Code    48  dfixul.o(.text)
    __scatterload                            0x08000a45   Thumb Code    28  init.o(.text)
    __scatterload_rt2                        0x08000a45   Thumb Code     0  init.o(.text)
    __aeabi_llsr                             0x08000a69   Thumb Code    32  llushr.o(.text)
    _ll_ushift_r                             0x08000a69   Thumb Code     0  llushr.o(.text)
    ADC_Cmd                                  0x08000a89   Thumb Code    22  stm32f10x_adc.o(i.ADC_Cmd)
    ADC_DMACmd                               0x08000a9f   Thumb Code    22  stm32f10x_adc.o(i.ADC_DMACmd)
    ADC_GetCalibrationStatus                 0x08000ab5   Thumb Code    20  stm32f10x_adc.o(i.ADC_GetCalibrationStatus)
    ADC_GetResetCalibrationStatus            0x08000ac9   Thumb Code    20  stm32f10x_adc.o(i.ADC_GetResetCalibrationStatus)
    ADC_Init                                 0x08000add   Thumb Code    70  stm32f10x_adc.o(i.ADC_Init)
    ADC_RegularChannelConfig                 0x08000b2d   Thumb Code   184  stm32f10x_adc.o(i.ADC_RegularChannelConfig)
    ADC_ResetCalibration                     0x08000be5   Thumb Code    10  stm32f10x_adc.o(i.ADC_ResetCalibration)
    ADC_SoftwareStartConvCmd                 0x08000bef   Thumb Code    22  stm32f10x_adc.o(i.ADC_SoftwareStartConvCmd)
    ADC_StartCalibration                     0x08000c05   Thumb Code    10  stm32f10x_adc.o(i.ADC_StartCalibration)
    BusFault_Handler                         0x08000c0f   Thumb Code     4  stm32f10x_it.o(i.BusFault_Handler)
    DELAY_Configuration                      0x08000c15   Thumb Code    66  systick.o(i.DELAY_Configuration)
    DMA_Cmd                                  0x08000c65   Thumb Code    24  stm32f10x_dma.o(i.DMA_Cmd)
    DMA_DeInit                               0x08000c7d   Thumb Code   324  stm32f10x_dma.o(i.DMA_DeInit)
    DMA_ITConfig                             0x08000dc9   Thumb Code    18  stm32f10x_dma.o(i.DMA_ITConfig)
    DMA_Init                                 0x08000ddb   Thumb Code    60  stm32f10x_dma.o(i.DMA_Init)
    DMA_init                                 0x08000e19   Thumb Code    98  joystick.o(i.DMA_init)
    DebugMon_Handler                         0x08000e89   Thumb Code     2  stm32f10x_it.o(i.DebugMon_Handler)
    GPIO_Init                                0x08000e8b   Thumb Code   278  stm32f10x_gpio.o(i.GPIO_Init)
    GPIO_ReadInputDataBit                    0x08000fa1   Thumb Code    18  stm32f10x_gpio.o(i.GPIO_ReadInputDataBit)
    HardFault_Handler                        0x08000fb3   Thumb Code     4  stm32f10x_it.o(i.HardFault_Handler)
    I2C_AcknowledgeConfig                    0x08000fb7   Thumb Code    24  stm32f10x_i2c.o(i.I2C_AcknowledgeConfig)
    I2C_CheckEvent                           0x08000fcf   Thumb Code    42  stm32f10x_i2c.o(i.I2C_CheckEvent)
    I2C_Cmd                                  0x08000ff9   Thumb Code    24  stm32f10x_i2c.o(i.I2C_Cmd)
    I2C_Configuration                        0x08001011   Thumb Code   106  i2c_sensors.o(i.I2C_Configuration)
    I2C_GenerateSTART                        0x08001089   Thumb Code    24  stm32f10x_i2c.o(i.I2C_GenerateSTART)
    I2C_GenerateSTOP                         0x080010a1   Thumb Code    24  stm32f10x_i2c.o(i.I2C_GenerateSTOP)
    I2C_GetFlagStatus                        0x080010b9   Thumb Code    58  stm32f10x_i2c.o(i.I2C_GetFlagStatus)
    I2C_Init                                 0x080010f5   Thumb Code   222  stm32f10x_i2c.o(i.I2C_Init)
    I2C_ReceiveData                          0x080011e1   Thumb Code     8  stm32f10x_i2c.o(i.I2C_ReceiveData)
    I2C_Send7bitAddress                      0x080011e9   Thumb Code    18  stm32f10x_i2c.o(i.I2C_Send7bitAddress)
    I2C_SendData                             0x080011fb   Thumb Code     4  stm32f10x_i2c.o(i.I2C_SendData)
    LED_CONFIG                               0x08001201   Thumb Code    56  led.o(i.LED_CONFIG)
    LED_off                                  0x0800123d   Thumb Code     6  led.o(i.LED_off)
    LED_on                                   0x08001249   Thumb Code     6  led.o(i.LED_on)
    MadgwickAHRSupdateIMU                    0x08001255   Thumb Code  1426  ahrs.o(i.MadgwickAHRSupdateIMU)
    MemManage_Handler                        0x08001801   Thumb Code     4  stm32f10x_it.o(i.MemManage_Handler)
    NMI_Handler                              0x08001805   Thumb Code     2  stm32f10x_it.o(i.NMI_Handler)
    NVIC_Init                                0x08001809   Thumb Code   100  misc.o(i.NVIC_Init)
    PendSV_Handler                           0x08001879   Thumb Code     2  stm32f10x_it.o(i.PendSV_Handler)
    RCC_ADCCLKConfig                         0x0800187d   Thumb Code    18  stm32f10x_rcc.o(i.RCC_ADCCLKConfig)
    RCC_AHBPeriphClockCmd                    0x08001895   Thumb Code    26  stm32f10x_rcc.o(i.RCC_AHBPeriphClockCmd)
    RCC_APB1PeriphClockCmd                   0x080018b5   Thumb Code    26  stm32f10x_rcc.o(i.RCC_APB1PeriphClockCmd)
    RCC_APB2PeriphClockCmd                   0x080018d5   Thumb Code    26  stm32f10x_rcc.o(i.RCC_APB2PeriphClockCmd)
    RCC_GetClocksFreq                        0x080018f5   Thumb Code   192  stm32f10x_rcc.o(i.RCC_GetClocksFreq)
    RCC_HCLKConfig                           0x080019c9   Thumb Code    18  stm32f10x_rcc.o(i.RCC_HCLKConfig)
    SVC_Handler                              0x080019e1   Thumb Code     2  stm32f10x_it.o(i.SVC_Handler)
    SysTick_CLKSourceConfig                  0x08001acd   Thumb Code    40  misc.o(i.SysTick_CLKSourceConfig)
    SysTick_CounterCmd                       0x08001af5   Thumb Code    54  stm32f10x_systick.o(i.SysTick_CounterCmd)
    SysTick_GetFlagStatus                    0x08001b2b   Thumb Code    46  stm32f10x_systick.o(i.SysTick_GetFlagStatus)
    SysTick_Handler                          0x08001b59   Thumb Code     2  stm32f10x_it.o(i.SysTick_Handler)
    SysTick_ITConfig                         0x08001b5b   Thumb Code    38  stm32f10x_systick.o(i.SysTick_ITConfig)
    SysTick_SetReload                        0x08001b81   Thumb Code     8  stm32f10x_systick.o(i.SysTick_SetReload)
    SystemInit                               0x08001b89   Thumb Code    78  system_stm32f10x.o(i.SystemInit)
    TIM2_IRQHandler                          0x08001be9   Thumb Code    62  systick.o(i.TIM2_IRQHandler)
    TIM_ClearFlag                            0x08001c31   Thumb Code     6  stm32f10x_tim.o(i.TIM_ClearFlag)
    TIM_ClearITPendingBit                    0x08001c37   Thumb Code     6  stm32f10x_tim.o(i.TIM_ClearITPendingBit)
    TIM_Cmd                                  0x08001c3d   Thumb Code    24  stm32f10x_tim.o(i.TIM_Cmd)
    TIM_GetITStatus                          0x08001c55   Thumb Code    34  stm32f10x_tim.o(i.TIM_GetITStatus)
    TIM_ITConfig                             0x08001c77   Thumb Code    18  stm32f10x_tim.o(i.TIM_ITConfig)
    TIM_OC2Init                              0x08001c89   Thumb Code   154  stm32f10x_tim.o(i.TIM_OC2Init)
    TIM_OC2PreloadConfig                     0x08001d2d   Thumb Code    26  stm32f10x_tim.o(i.TIM_OC2PreloadConfig)
    TIM_OC3Init                              0x08001d49   Thumb Code   150  stm32f10x_tim.o(i.TIM_OC3Init)
    TIM_OC3PreloadConfig                     0x08001de9   Thumb Code    18  stm32f10x_tim.o(i.TIM_OC3PreloadConfig)
    TIM_OC4Init                              0x08001dfd   Thumb Code   114  stm32f10x_tim.o(i.TIM_OC4Init)
    TIM_OC4PreloadConfig                     0x08001e79   Thumb Code    26  stm32f10x_tim.o(i.TIM_OC4PreloadConfig)
    TIM_TimeBaseInit                         0x08001e95   Thumb Code   122  stm32f10x_tim.o(i.TIM_TimeBaseInit)
    USART_Cmd                                0x08001f39   Thumb Code    24  stm32f10x_usart.o(i.USART_Cmd)
    USART_GetFlagStatus                      0x08001f51   Thumb Code    26  stm32f10x_usart.o(i.USART_GetFlagStatus)
    USART_Init                               0x08001f6d   Thumb Code   210  stm32f10x_usart.o(i.USART_Init)
    USART_SendData                           0x08002045   Thumb Code     8  stm32f10x_usart.o(i.USART_SendData)
    UsageFault_Handler                       0x0800204d   Thumb Code     4  stm32f10x_it.o(i.UsageFault_Handler)
    __0printf                                0x08002051   Thumb Code    22  printfa.o(i.__0printf)
    __1printf                                0x08002051   Thumb Code     0  printfa.o(i.__0printf)
    __2printf                                0x08002051   Thumb Code     0  printfa.o(i.__0printf)
    __c89printf                              0x08002051   Thumb Code     0  printfa.o(i.__0printf)
    printf                                   0x08002051   Thumb Code     0  printfa.o(i.__0printf)
    __ARM_fpclassify                         0x08002071   Thumb Code    40  fpclassify.o(i.__ARM_fpclassify)
    __kernel_poly                            0x08002099   Thumb Code   170  poly.o(i.__kernel_poly)
    __mathlib_dbl_infnan                     0x08002143   Thumb Code     6  dunder.o(i.__mathlib_dbl_infnan)
    __mathlib_dbl_infnan2                    0x08002149   Thumb Code     4  dunder.o(i.__mathlib_dbl_infnan2)
    __mathlib_dbl_underflow                  0x0800214d   Thumb Code    10  dunder.o(i.__mathlib_dbl_underflow)
    __scatterload_copy                       0x0800215d   Thumb Code    14  handlers.o(i.__scatterload_copy)
    __scatterload_null                       0x0800216b   Thumb Code     2  handlers.o(i.__scatterload_null)
    __scatterload_zeroinit                   0x0800216d   Thumb Code    14  handlers.o(i.__scatterload_zeroinit)
    __set_errno                              0x0800217d   Thumb Code     6  errno.o(i.__set_errno)
    atan                                     0x08002a3d   Thumb Code   474  atan.o(i.atan)
    atan2                                    0x08002c5d   Thumb Code   346  atan2.o(i.atan2)
    buttonInit                               0x08002ddd   Thumb Code    62  joystick.o(i.buttonInit)
    delay_ms                                 0x08002e25   Thumb Code    68  systick.o(i.delay_ms)
    fputc                                    0x08002e71   Thumb Code    66  uart.o(i.fputc)
    getJoystick                              0x08002ebd   Thumb Code   112  joystick.o(i.getJoystick)
    getRollPitchYaw                          0x08002f45   Thumb Code   626  ahrs.o(i.getRollPitchYaw)
    get_acc_value                            0x080031f1   Thumb Code    70  i2c_sensors.o(i.get_acc_value)
    get_gyro_rate                            0x0800325d   Thumb Code    82  i2c_sensors.o(i.get_gyro_rate)
    get_ticks                                0x080032cd   Thumb Code     6  systick.o(i.get_ticks)
    invSqrt                                  0x080032d9   Thumb Code    72  ahrs.o(i.invSqrt)
    joystickInit                             0x08003325   Thumb Code   212  joystick.o(i.joystickInit)
    main                                     0x08003401   Thumb Code  1020  main.o(i.main)
    mpu6050_get_value                        0x080038b1   Thumb Code   178  i2c_sensors.o(i.mpu6050_get_value)
    mpu6050_read_block                       0x08003991   Thumb Code   236  i2c_sensors.o(i.mpu6050_read_block)
    mpu6050_write_block                      0x08003a91   Thumb Code   150  i2c_sensors.o(i.mpu6050_write_block)
    mpu_6050_init                            0x08003b35   Thumb Code   130  i2c_sensors.o(i.mpu_6050_init)
    servoInit                                0x08003bc1   Thumb Code   194  servo.o(i.servoInit)
    servoMove                                0x08003c91   Thumb Code    84  servo.o(i.servoMove)
    sqrt                                     0x08003cf1   Thumb Code    76  sqrt.o(i.sqrt)
    ticks_init                               0x08003d3d   Thumb Code   112  systick.o(i.ticks_init)
    uart_init                                0x08003dbd   Thumb Code   176  uart.o(i.uart_init)
    COM_USART_CLK                            0x08003e8c   Data          20  uart.o(.constdata)
    COM_TX_PORT_CLK                          0x08003ea0   Data          20  uart.o(.constdata)
    COM_RX_PORT_CLK                          0x08003eb4   Data          20  uart.o(.constdata)
    COM_TX_PIN                               0x08003ec8   Data          10  uart.o(.constdata)
    COM_RX_PIN                               0x08003ed2   Data          10  uart.o(.constdata)
    COM_IRQ                                  0x08003edc   Data          10  uart.o(.constdata)
    PWM_max                                  0x08003ee6   Data           6  servo.o(.constdata)
    PWM_min                                  0x08003eec   Data           6  servo.o(.constdata)
    PWM_norm                                 0x08003ef2   Data           6  servo.o(.constdata)
    __mathlib_zero                           0x08003f90   Data           8  qnan.o(.constdata)
    Region$$Table$$Base                      0x08003f98   Number         0  anon$$obj.o(Region$$Table)
    Region$$Table$$Limit                     0x08003fb8   Number         0  anon$$obj.o(Region$$Table)
    SystemCoreClock                          0x20000000   Data           4  system_stm32f10x.o(.data)
    AHBPrescTable                            0x20000004   Data          16  system_stm32f10x.o(.data)
    ticks_img                                0x20000028   Data           2  main.o(.data)
    ADC_val                                  0x2000002c   Data           4  joystick.o(.data)
    stick_val                                0x20000030   Data           8  joystick.o(.data)
    gyro_x                                   0x20000038   Data           2  i2c_sensors.o(.data)
    gyro_y                                   0x2000003a   Data           2  i2c_sensors.o(.data)
    gyro_z                                   0x2000003c   Data           2  i2c_sensors.o(.data)
    acc_x                                    0x2000003e   Data           2  i2c_sensors.o(.data)
    acc_y                                    0x20000040   Data           2  i2c_sensors.o(.data)
    acc_z                                    0x20000042   Data           2  i2c_sensors.o(.data)
    last_gyro_x_rate                         0x20000044   Data           4  i2c_sensors.o(.data)
    last_gyro_y_rate                         0x20000048   Data           4  i2c_sensors.o(.data)
    last_gyro_z_rate                         0x2000004c   Data           4  i2c_sensors.o(.data)
    gyro_x_rate                              0x20000050   Data           4  i2c_sensors.o(.data)
    gyro_y_rate                              0x20000054   Data           4  i2c_sensors.o(.data)
    gyro_z_rate                              0x20000058   Data           4  i2c_sensors.o(.data)
    acc_x_angle                              0x2000005c   Data           4  i2c_sensors.o(.data)
    acc_y_angle                              0x20000060   Data           4  i2c_sensors.o(.data)
    acc_x_temp                               0x20000064   Data           4  i2c_sensors.o(.data)
    acc_y_temp                               0x20000068   Data           4  i2c_sensors.o(.data)
    acc_z_temp                               0x2000006c   Data           4  i2c_sensors.o(.data)
    dt                                       0x20000070   Data           4  i2c_sensors.o(.data)
    temp                                     0x20000074   Data           4  i2c_sensors.o(.data)
    hmc5883_wdata                            0x20000078   Data           3  i2c_sensors.o(.data)
    hmc5883_rdata                            0x2000007b   Data           6  i2c_sensors.o(.data)
    raw_x                                    0x20000084   Data           4  i2c_sensors.o(.data)
    raw_y                                    0x20000088   Data           4  i2c_sensors.o(.data)
    raw_z                                    0x2000008c   Data           4  i2c_sensors.o(.data)
    raw_x_temp                               0x20000090   Data           2  i2c_sensors.o(.data)
    raw_y_temp                               0x20000092   Data           2  i2c_sensors.o(.data)
    raw_z_temp                               0x20000094   Data           2  i2c_sensors.o(.data)
    mp                                       0x20000096   Data           2  i2c_sensors.o(.data)
    mag_x                                    0x20000098   Data           4  i2c_sensors.o(.data)
    mag_y                                    0x2000009c   Data           4  i2c_sensors.o(.data)
    mag_z                                    0x200000a0   Data           4  i2c_sensors.o(.data)
    heading                                  0x200000a4   Data           4  i2c_sensors.o(.data)
    heading_temp                             0x200000a8   Data           4  i2c_sensors.o(.data)
    headingDegrees                           0x200000ac   Data           4  i2c_sensors.o(.data)
    x_h                                      0x200000b0   Data           4  i2c_sensors.o(.data)
    y_h                                      0x200000b4   Data           4  i2c_sensors.o(.data)
    ticks                                    0x200000be   Data           2  systick.o(.data)
    seconds                                  0x200000c0   Data           2  systick.o(.data)
    COM_USART                                0x200000c4   Data          20  uart.o(.data)
    COM_TX_PORT                              0x200000d8   Data          20  uart.o(.data)
    COM_RX_PORT                              0x200000ec   Data          20  uart.o(.data)
    printf_COMx                              0x20000100   Data           1  uart.o(.data)
    beta                                     0x20000104   Data           4  ahrs.o(.data)
    q0                                       0x20000108   Data           4  ahrs.o(.data)
    q1                                       0x2000010c   Data           4  ahrs.o(.data)
    q2                                       0x20000110   Data           4  ahrs.o(.data)
    q3                                       0x20000114   Data           4  ahrs.o(.data)
    __stdout                                 0x20000118   Data           4  stdout.o(.data)
    i2c_sdata                                0x20000120   Data          20  i2c_sensors.o(.bss)
    i2c_rdata                                0x20000134   Data          20  i2c_sensors.o(.bss)
    rpy                                      0x20000148   Data          12  ahrs.o(.bss)
    Eangle                                   0x20000154   Data          12  ahrs.o(.bss)
    __initial_sp                             0x20000560   Data           0  startup_stm32f10x_hd.o(STACK)



==============================================================================

Memory Map of the image

  Image Entry point : 0x08000131

  Load Region LR_IROM1 (Base: 0x08000000, Size: 0x000040d8, Max: 0x00080000, ABSOLUTE)

    Execution Region ER_IROM1 (Base: 0x08000000, Size: 0x00003fb8, Max: 0x00080000, ABSOLUTE)

    Base Addr    Size         Type   Attr      Idx    E Section Name        Object

    0x08000000   0x00000130   Data   RO            3    RESET               startup_stm32f10x_hd.o
    0x08000130   0x00000000   Code   RO         3771  * .ARM.Collect$$$$00000000  mc_w.l(entry.o)
    0x08000130   0x00000004   Code   RO         4088    .ARM.Collect$$$$00000001  mc_w.l(entry2.o)
    0x08000134   0x00000004   Code   RO         4091    .ARM.Collect$$$$00000004  mc_w.l(entry5.o)
    0x08000138   0x00000000   Code   RO         4093    .ARM.Collect$$$$00000008  mc_w.l(entry7b.o)
    0x08000138   0x00000000   Code   RO         4095    .ARM.Collect$$$$0000000A  mc_w.l(entry8b.o)
    0x08000138   0x00000008   Code   RO         4096    .ARM.Collect$$$$0000000B  mc_w.l(entry9a.o)
    0x08000140   0x00000000   Code   RO         4098    .ARM.Collect$$$$0000000D  mc_w.l(entry10a.o)
    0x08000140   0x00000000   Code   RO         4100    .ARM.Collect$$$$0000000F  mc_w.l(entry11a.o)
    0x08000140   0x00000004   Code   RO         4089    .ARM.Collect$$$$00002712  mc_w.l(entry2.o)
    0x08000144   0x00000024   Code   RO            4    .text               startup_stm32f10x_hd.o
    0x08000168   0x000000b0   Code   RO         4035    .text               mf_w.l(fadd.o)
    0x08000218   0x00000064   Code   RO         4037    .text               mf_w.l(fmul.o)
    0x0800027c   0x0000007c   Code   RO         4039    .text               mf_w.l(fdiv.o)
    0x080002f8   0x0000014e   Code   RO         4041    .text               mf_w.l(dadd.o)
    0x08000446   0x000000e4   Code   RO         4043    .text               mf_w.l(dmul.o)
    0x0800052a   0x000000de   Code   RO         4045    .text               mf_w.l(ddiv.o)
    0x08000608   0x00000012   Code   RO         4047    .text               mf_w.l(fflti.o)
    0x0800061a   0x0000000a   Code   RO         4049    .text               mf_w.l(ffltui.o)
    0x08000624   0x0000001a   Code   RO         4051    .text               mf_w.l(dfltui.o)
    0x0800063e   0x00000028   Code   RO         4055    .text               mf_w.l(ffixui.o)
    0x08000666   0x00000026   Code   RO         4057    .text               mf_w.l(f2d.o)
    0x0800068c   0x00000030   Code   RO         4059    .text               mf_w.l(cdcmple.o)
    0x080006bc   0x00000030   Code   RO         4061    .text               mf_w.l(cdrcmple.o)
    0x080006ec   0x00000038   Code   RO         4063    .text               mf_w.l(d2f.o)
    0x08000724   0x00000014   Code   RO         4065    .text               mf_w.l(cfcmple.o)
    0x08000738   0x00000014   Code   RO         4067    .text               mf_w.l(cfrcmple.o)
    0x0800074c   0x0000002c   Code   RO         4103    .text               mc_w.l(uidiv.o)
    0x08000778   0x00000062   Code   RO         4105    .text               mc_w.l(uldiv.o)
    0x080007da   0x0000001e   Code   RO         4107    .text               mc_w.l(llshl.o)
    0x080007f8   0x00000024   Code   RO         4109    .text               mc_w.l(llsshr.o)
    0x0800081c   0x00000000   Code   RO         4118    .text               mc_w.l(iusefp.o)
    0x0800081c   0x0000006e   Code   RO         4119    .text               mf_w.l(fepilogue.o)
    0x0800088a   0x000000ba   Code   RO         4121    .text               mf_w.l(depilogue.o)
    0x08000944   0x0000002e   Code   RO         4123    .text               mf_w.l(dscalb.o)
    0x08000972   0x000000a2   Code   RO         4125    .text               mf_w.l(dsqrt.o)
    0x08000a14   0x00000030   Code   RO         4127    .text               mf_w.l(dfixul.o)
    0x08000a44   0x00000024   Code   RO         4129    .text               mc_w.l(init.o)
    0x08000a68   0x00000020   Code   RO         4131    .text               mc_w.l(llushr.o)
    0x08000a88   0x00000016   Code   RO          138    i.ADC_Cmd           stm32f10x_adc.o
    0x08000a9e   0x00000016   Code   RO          139    i.ADC_DMACmd        stm32f10x_adc.o
    0x08000ab4   0x00000014   Code   RO          146    i.ADC_GetCalibrationStatus  stm32f10x_adc.o
    0x08000ac8   0x00000014   Code   RO          152    i.ADC_GetResetCalibrationStatus  stm32f10x_adc.o
    0x08000adc   0x00000050   Code   RO          156    i.ADC_Init          stm32f10x_adc.o
    0x08000b2c   0x000000b8   Code   RO          160    i.ADC_RegularChannelConfig  stm32f10x_adc.o
    0x08000be4   0x0000000a   Code   RO          161    i.ADC_ResetCalibration  stm32f10x_adc.o
    0x08000bee   0x00000016   Code   RO          163    i.ADC_SoftwareStartConvCmd  stm32f10x_adc.o
    0x08000c04   0x0000000a   Code   RO          165    i.ADC_StartCalibration  stm32f10x_adc.o
    0x08000c0e   0x00000004   Code   RO         3147    i.BusFault_Handler  stm32f10x_it.o
    0x08000c12   0x00000002   PAD
    0x08000c14   0x00000050   Code   RO         3509    i.DELAY_Configuration  systick.o
    0x08000c64   0x00000018   Code   RO          841    i.DMA_Cmd           stm32f10x_dma.o
    0x08000c7c   0x0000014c   Code   RO          842    i.DMA_DeInit        stm32f10x_dma.o
    0x08000dc8   0x00000012   Code   RO          846    i.DMA_ITConfig      stm32f10x_dma.o
    0x08000dda   0x0000003c   Code   RO          847    i.DMA_Init          stm32f10x_dma.o
    0x08000e16   0x00000002   PAD
    0x08000e18   0x00000070   Code   RO         3408    i.DMA_init          joystick.o
    0x08000e88   0x00000002   Code   RO         3148    i.DebugMon_Handler  stm32f10x_it.o
    0x08000e8a   0x00000116   Code   RO         1271    i.GPIO_Init         stm32f10x_gpio.o
    0x08000fa0   0x00000012   Code   RO         1275    i.GPIO_ReadInputDataBit  stm32f10x_gpio.o
    0x08000fb2   0x00000004   Code   RO         3149    i.HardFault_Handler  stm32f10x_it.o
    0x08000fb6   0x00000018   Code   RO         1380    i.I2C_AcknowledgeConfig  stm32f10x_i2c.o
    0x08000fce   0x0000002a   Code   RO         1382    i.I2C_CheckEvent    stm32f10x_i2c.o
    0x08000ff8   0x00000018   Code   RO         1385    i.I2C_Cmd           stm32f10x_i2c.o
    0x08001010   0x00000078   Code   RO         3444    i.I2C_Configuration  i2c_sensors.o
    0x08001088   0x00000018   Code   RO         1392    i.I2C_GenerateSTART  stm32f10x_i2c.o
    0x080010a0   0x00000018   Code   RO         1393    i.I2C_GenerateSTOP  stm32f10x_i2c.o
    0x080010b8   0x0000003a   Code   RO         1394    i.I2C_GetFlagStatus  stm32f10x_i2c.o
    0x080010f2   0x00000002   PAD
    0x080010f4   0x000000ec   Code   RO         1399    i.I2C_Init          stm32f10x_i2c.o
    0x080011e0   0x00000008   Code   RO         1404    i.I2C_ReceiveData   stm32f10x_i2c.o
    0x080011e8   0x00000012   Code   RO         1406    i.I2C_Send7bitAddress  stm32f10x_i2c.o
    0x080011fa   0x00000004   Code   RO         1407    i.I2C_SendData      stm32f10x_i2c.o
    0x080011fe   0x00000002   PAD
    0x08001200   0x0000003c   Code   RO         3637    i.LED_CONFIG        led.o
    0x0800123c   0x0000000c   Code   RO         3638    i.LED_off           led.o
    0x08001248   0x0000000c   Code   RO         3639    i.LED_on            led.o
    0x08001254   0x000005ac   Code   RO         3662    i.MadgwickAHRSupdateIMU  ahrs.o
    0x08001800   0x00000004   Code   RO         3150    i.MemManage_Handler  stm32f10x_it.o
    0x08001804   0x00000002   Code   RO         3151    i.NMI_Handler       stm32f10x_it.o
    0x08001806   0x00000002   PAD
    0x08001808   0x00000070   Code   RO           92    i.NVIC_Init         misc.o
    0x08001878   0x00000002   Code   RO         3152    i.PendSV_Handler    stm32f10x_it.o
    0x0800187a   0x00000002   PAD
    0x0800187c   0x00000018   Code   RO         1691    i.RCC_ADCCLKConfig  stm32f10x_rcc.o
    0x08001894   0x00000020   Code   RO         1692    i.RCC_AHBPeriphClockCmd  stm32f10x_rcc.o
    0x080018b4   0x00000020   Code   RO         1693    i.RCC_APB1PeriphClockCmd  stm32f10x_rcc.o
    0x080018d4   0x00000020   Code   RO         1695    i.RCC_APB2PeriphClockCmd  stm32f10x_rcc.o
    0x080018f4   0x000000d4   Code   RO         1703    i.RCC_GetClocksFreq  stm32f10x_rcc.o
    0x080019c8   0x00000018   Code   RO         1707    i.RCC_HCLKConfig    stm32f10x_rcc.o
    0x080019e0   0x00000002   Code   RO         3153    i.SVC_Handler       stm32f10x_it.o
    0x080019e2   0x00000008   Code   RO           24    i.SetSysClock       system_stm32f10x.o
    0x080019ea   0x00000002   PAD
    0x080019ec   0x000000e0   Code   RO           25    i.SetSysClockTo72   system_stm32f10x.o
    0x08001acc   0x00000028   Code   RO           96    i.SysTick_CLKSourceConfig  misc.o
    0x08001af4   0x00000036   Code   RO         3108    i.SysTick_CounterCmd  stm32f10x_systick.o
    0x08001b2a   0x0000002e   Code   RO         3110    i.SysTick_GetFlagStatus  stm32f10x_systick.o
    0x08001b58   0x00000002   Code   RO         3154    i.SysTick_Handler   stm32f10x_it.o
    0x08001b5a   0x00000026   Code   RO         3111    i.SysTick_ITConfig  stm32f10x_systick.o
    0x08001b80   0x00000008   Code   RO         3112    i.SysTick_SetReload  stm32f10x_systick.o
    0x08001b88   0x00000060   Code   RO           27    i.SystemInit        system_stm32f10x.o
    0x08001be8   0x00000048   Code   RO         3510    i.TIM2_IRQHandler   systick.o
    0x08001c30   0x00000006   Code   RO         2330    i.TIM_ClearFlag     stm32f10x_tim.o
    0x08001c36   0x00000006   Code   RO         2331    i.TIM_ClearITPendingBit  stm32f10x_tim.o
    0x08001c3c   0x00000018   Code   RO         2336    i.TIM_Cmd           stm32f10x_tim.o
    0x08001c54   0x00000022   Code   RO         2357    i.TIM_GetITStatus   stm32f10x_tim.o
    0x08001c76   0x00000012   Code   RO         2361    i.TIM_ITConfig      stm32f10x_tim.o
    0x08001c88   0x000000a4   Code   RO         2370    i.TIM_OC2Init       stm32f10x_tim.o
    0x08001d2c   0x0000001a   Code   RO         2373    i.TIM_OC2PreloadConfig  stm32f10x_tim.o
    0x08001d46   0x00000002   PAD
    0x08001d48   0x000000a0   Code   RO         2375    i.TIM_OC3Init       stm32f10x_tim.o
    0x08001de8   0x00000012   Code   RO         2378    i.TIM_OC3PreloadConfig  stm32f10x_tim.o
    0x08001dfa   0x00000002   PAD
    0x08001dfc   0x0000007c   Code   RO         2380    i.TIM_OC4Init       stm32f10x_tim.o
    0x08001e78   0x0000001a   Code   RO         2382    i.TIM_OC4PreloadConfig  stm32f10x_tim.o
    0x08001e92   0x00000002   PAD
    0x08001e94   0x000000a4   Code   RO         2407    i.TIM_TimeBaseInit  stm32f10x_tim.o
    0x08001f38   0x00000018   Code   RO         2872    i.USART_Cmd         stm32f10x_usart.o
    0x08001f50   0x0000001a   Code   RO         2875    i.USART_GetFlagStatus  stm32f10x_usart.o
    0x08001f6a   0x00000002   PAD
    0x08001f6c   0x000000d8   Code   RO         2879    i.USART_Init        stm32f10x_usart.o
    0x08002044   0x00000008   Code   RO         2889    i.USART_SendData    stm32f10x_usart.o
    0x0800204c   0x00000004   Code   RO         3155    i.UsageFault_Handler  stm32f10x_it.o
    0x08002050   0x00000020   Code   RO         4007    i.__0printf         mc_w.l(printfa.o)
    0x08002070   0x00000028   Code   RO         4083    i.__ARM_fpclassify  m_ws.l(fpclassify.o)
    0x08002098   0x000000aa   Code   RO         4085    i.__kernel_poly     m_ws.l(poly.o)
    0x08002142   0x00000006   Code   RO         4070    i.__mathlib_dbl_infnan  m_ws.l(dunder.o)
    0x08002148   0x00000004   Code   RO         4071    i.__mathlib_dbl_infnan2  m_ws.l(dunder.o)
    0x0800214c   0x00000010   Code   RO         4075    i.__mathlib_dbl_underflow  m_ws.l(dunder.o)
    0x0800215c   0x0000000e   Code   RO         4135    i.__scatterload_copy  mc_w.l(handlers.o)
    0x0800216a   0x00000002   Code   RO         4136    i.__scatterload_null  mc_w.l(handlers.o)
    0x0800216c   0x0000000e   Code   RO         4137    i.__scatterload_zeroinit  mc_w.l(handlers.o)
    0x0800217a   0x00000002   PAD
    0x0800217c   0x0000000c   Code   RO         4113    i.__set_errno       mc_w.l(errno.o)
    0x08002188   0x00000184   Code   RO         4014    i._fp_digits        mc_w.l(printfa.o)
    0x0800230c   0x000006dc   Code   RO         4015    i._printf_core      mc_w.l(printfa.o)
    0x080029e8   0x00000024   Code   RO         4016    i._printf_post_padding  mc_w.l(printfa.o)
    0x08002a0c   0x0000002e   Code   RO         4017    i._printf_pre_padding  mc_w.l(printfa.o)
    0x08002a3a   0x00000002   PAD
    0x08002a3c   0x00000220   Code   RO         3746    i.atan              m_ws.l(atan.o)
    0x08002c5c   0x00000180   Code   RO         3756    i.atan2             m_ws.l(atan2.o)
    0x08002ddc   0x00000048   Code   RO         3409    i.buttonInit        joystick.o
    0x08002e24   0x0000004c   Code   RO         3511    i.delay_ms          systick.o
    0x08002e70   0x0000004c   Code   RO         3569    i.fputc             uart.o
    0x08002ebc   0x00000088   Code   RO         3410    i.getJoystick       joystick.o
    0x08002f44   0x000002ac   Code   RO         3664    i.getRollPitchYaw   ahrs.o
    0x080031f0   0x0000006c   Code   RO         3445    i.get_acc_value     i2c_sensors.o
    0x0800325c   0x00000070   Code   RO         3446    i.get_gyro_rate     i2c_sensors.o
    0x080032cc   0x0000000c   Code   RO         3515    i.get_ticks         systick.o
    0x080032d8   0x0000004c   Code   RO         3665    i.invSqrt           ahrs.o
    0x08003324   0x000000dc   Code   RO         3411    i.joystickInit      joystick.o
    0x08003400   0x000004b0   Code   RO         3210    i.main              main.o
    0x080038b0   0x000000e0   Code   RO         3448    i.mpu6050_get_value  i2c_sensors.o
    0x08003990   0x00000100   Code   RO         3449    i.mpu6050_read_block  i2c_sensors.o
    0x08003a90   0x000000a4   Code   RO         3450    i.mpu6050_write_block  i2c_sensors.o
    0x08003b34   0x0000008c   Code   RO         3451    i.mpu_6050_init     i2c_sensors.o
    0x08003bc0   0x000000d0   Code   RO         3704    i.servoInit         servo.o
    0x08003c90   0x00000060   Code   RO         3705    i.servoMove         servo.o
    0x08003cf0   0x0000004c   Code   RO         3764    i.sqrt              m_ws.l(sqrt.o)
    0x08003d3c   0x00000080   Code   RO         3516    i.ticks_init        systick.o
    0x08003dbc   0x000000d0   Code   RO         3570    i.uart_init         uart.o
    0x08003e8c   0x0000005a   Data   RO         3577    .constdata          uart.o
    0x08003ee6   0x00000012   Data   RO         3707    .constdata          servo.o
    0x08003ef8   0x00000098   Data   RO         3747    .constdata          m_ws.l(atan.o)
    0x08003f90   0x00000008   Data   RO         4087    .constdata          m_ws.l(qnan.o)
    0x08003f98   0x00000020   Data   RO         4133    Region$$Table       anon$$obj.o


    Execution Region RW_IRAM1 (Base: 0x20000000, Size: 0x00000560, Max: 0x00010000, ABSOLUTE)

    Base Addr    Size         Type   Attr      Idx    E Section Name        Object

    0x20000000   0x00000014   Data   RW           28    .data               system_stm32f10x.o
    0x20000014   0x00000014   Data   RW         1723    .data               stm32f10x_rcc.o
    0x20000028   0x00000002   Data   RW         3212    .data               main.o
    0x2000002a   0x00000002   PAD
    0x2000002c   0x0000000c   Data   RW         3412    .data               joystick.o
    0x20000038   0x00000080   Data   RW         3453    .data               i2c_sensors.o
    0x200000b8   0x0000000a   Data   RW         3517    .data               systick.o
    0x200000c2   0x00000002   PAD
    0x200000c4   0x0000003d   Data   RW         3578    .data               uart.o
    0x20000101   0x00000003   PAD
    0x20000104   0x00000014   Data   RW         3667    .data               ahrs.o
    0x20000118   0x00000004   Data   RW         4102    .data               mc_w.l(stdout.o)
    0x2000011c   0x00000004   Data   RW         4114    .data               mc_w.l(errno.o)
    0x20000120   0x00000028   Zero   RW         3452    .bss                i2c_sensors.o
    0x20000148   0x00000018   Zero   RW         3666    .bss                ahrs.o
    0x20000160   0x00000400   Zero   RW            1    STACK               startup_stm32f10x_hd.o


==============================================================================

Image component sizes


      Code (inc. data)   RO Data    RW Data    ZI Data      Debug   Object Name

      2212        104          0         20         24       3746   ahrs.o
         0          0          0          0          0       4508   core_cm3.o
      1124        172          0        128         40       6480   i2c_sensors.o
       540         56          0         12          0       2829   joystick.o
        84         16          0          0          0       1376   led.o
      1200        180          0          2          0       1790   main.o
       152         12          0          0          0       1574   misc.o
       304         26         18          0          0       1854   servo.o
        36          8        304          0       1024        864   startup_stm32f10x_hd.o
       390         10          0          0          0       7493   stm32f10x_adc.o
       434          8          0          0          0       4061   stm32f10x_dma.o
       296          0          0          0          0       2612   stm32f10x_gpio.o
       462         14          0          0          0       7812   stm32f10x_i2c.o
        26          0          0          0          0       3950   stm32f10x_it.o
       356         50          0         20          0       6170   stm32f10x_rcc.o
       146          0          0          0          0       2292   stm32f10x_systick.o
       770         72          0          0          0       8105   stm32f10x_tim.o
       274          6          0          0          0      10136   stm32f10x_usart.o
       328         28          0         20          0     271617   system_stm32f10x.o
       368         54          0         10          0       3256   systick.o
       284         42         90         61          0       5784   uart.o

    ----------------------------------------------------------------------
      9808        858        444        280       1088     358309   Object Totals
         0          0         32          0          0          0   (incl. Generated)
        22          0          0          7          0          0   (incl. Padding)

    ----------------------------------------------------------------------

      Code (inc. data)   RO Data    RW Data    ZI Data      Debug   Library Member Name

       544         70        152          0          0        124   atan.o
       384         38          0          0          0        144   atan2.o
        26          6          0          0          0        204   dunder.o
        40          0          0          0          0         68   fpclassify.o
       170          0          0          0          0         96   poly.o
         0          0          8          0          0          0   qnan.o
        76          0          0          0          0         84   sqrt.o
         0          0          0          0          0          0   entry.o
         0          0          0          0          0          0   entry10a.o
         0          0          0          0          0          0   entry11a.o
         8          4          0          0          0          0   entry2.o
         4          0          0          0          0          0   entry5.o
         0          0          0          0          0          0   entry7b.o
         0          0          0          0          0          0   entry8b.o
         8          4          0          0          0          0   entry9a.o
        12          6          0          4          0         68   errno.o
        30          0          0          0          0          0   handlers.o
        36          8          0          0          0         68   init.o
         0          0          0          0          0          0   iusefp.o
        30          0          0          0          0         68   llshl.o
        36          0          0          0          0         68   llsshr.o
        32          0          0          0          0         68   llushr.o
      2258         90          0          0          0        452   printfa.o
         0          0          0          4          0          0   stdout.o
        44          0          0          0          0         80   uidiv.o
        98          0          0          0          0         92   uldiv.o
        48          0          0          0          0         68   cdcmple.o
        48          0          0          0          0         68   cdrcmple.o
        20          0          0          0          0         68   cfcmple.o
        20          0          0          0          0         68   cfrcmple.o
        56          0          0          0          0         88   d2f.o
       334          0          0          0          0        148   dadd.o
       222          0          0          0          0        100   ddiv.o
       186          0          0          0          0        176   depilogue.o
        48          0          0          0          0         68   dfixul.o
        26          0          0          0          0         76   dfltui.o
       228          0          0          0          0         96   dmul.o
        46          0          0          0          0         80   dscalb.o
       162          0          0          0          0        100   dsqrt.o
        38          0          0          0          0         68   f2d.o
       176          0          0          0          0        140   fadd.o
       124          0          0          0          0         88   fdiv.o
       110          0          0          0          0        168   fepilogue.o
        40          0          0          0          0         68   ffixui.o
        18          0          0          0          0         68   fflti.o
        10          0          0          0          0         68   ffltui.o
       100          0          0          0          0         76   fmul.o

    ----------------------------------------------------------------------
      5900        226        160          8          0       3632   Library Totals
         4          0          0          0          0          0   (incl. Padding)

    ----------------------------------------------------------------------

      Code (inc. data)   RO Data    RW Data    ZI Data      Debug   Library Name

      1240        114        160          0          0        720   m_ws.l
      2596        112          0          8          0        964   mc_w.l
      2060          0          0          0          0       1948   mf_w.l

    ----------------------------------------------------------------------
      5900        226        160          8          0       3632   Library Totals

    ----------------------------------------------------------------------

==============================================================================


      Code (inc. data)   RO Data    RW Data    ZI Data      Debug   

     15708       1084        604        288       1088     355541   Grand Totals
     15708       1084        604        288       1088     355541   ELF Image Totals
     15708       1084        604        288          0          0   ROM Totals

==============================================================================

    Total RO  Size (Code + RO Data)                16312 (  15.93kB)
    Total RW  Size (RW Data + ZI Data)              1376 (   1.34kB)
    Total ROM Size (Code + RO Data + RW Data)      16600 (  16.21kB)

==============================================================================

